******************************************************************************
                  MSP430 Linker PC v18.1.5                     
******************************************************************************
>> Linked Mon May 27 11:07:11 2019

OUTPUT FILE NAME:   <AcionamentoJanela.out>
ENTRY POINT SYMBOL: "_c_int00_noargs"  address: 0000daca


MEMORY CONFIGURATION

         name            origin    length      used     unused   attr    fill
----------------------  --------  ---------  --------  --------  ----  --------
  SFR                   00000000   00000010  00000000  00000010  RWIX
  PERIPHERALS_8BIT      00000010   000000f0  00000000  000000f0  RWIX
  PERIPHERALS_16BIT     00000100   00000100  00000000  00000100  RWIX
  RAM                   00000200   00000200  0000008f  00000171  RWIX
  INFOD                 00001000   00000040  00000000  00000040  RWIX
  INFOC                 00001040   00000040  00000000  00000040  RWIX
  INFOB                 00001080   00000040  00000000  00000040  RWIX
  INFOA                 000010c0   00000040  00000000  00000040  RWIX
  FLASH                 0000c000   00003fde  00001ca5  00002339  RWIX
  BSLSIGNATURE          0000ffde   00000002  00000002  00000000  RWIX  ffff 
  INT00                 0000ffe0   00000002  00000002  00000000  RWIX
  INT01                 0000ffe2   00000002  00000000  00000002  RWIX
  INT02                 0000ffe4   00000002  00000002  00000000  RWIX
  INT03                 0000ffe6   00000002  00000002  00000000  RWIX
  INT04                 0000ffe8   00000002  00000000  00000002  RWIX
  INT05                 0000ffea   00000002  00000002  00000000  RWIX
  INT06                 0000ffec   00000002  00000002  00000000  RWIX
  INT07                 0000ffee   00000002  00000002  00000000  RWIX
  INT08                 0000fff0   00000002  00000002  00000000  RWIX
  INT09                 0000fff2   00000002  00000002  00000000  RWIX
  INT10                 0000fff4   00000002  00000002  00000000  RWIX
  INT11                 0000fff6   00000002  00000002  00000000  RWIX
  INT12                 0000fff8   00000002  00000002  00000000  RWIX
  INT13                 0000fffa   00000002  00000002  00000000  RWIX
  INT14                 0000fffc   00000002  00000002  00000000  RWIX
  RESET                 0000fffe   00000002  00000002  00000000  RWIX


SECTION ALLOCATION MAP

 output                                  attributes/
section   page    origin      length       input sections
--------  ----  ----------  ----------   ----------------
.bss       0    00000200    00000031     UNINITIALIZED
                  00000200    00000020     (.common:buffer_rx)
                  00000220    0000000a     (.common:rx)
                  0000022a    00000004     (.common:x)
                  0000022e    00000002     (.common:op)
                  00000230    00000001     (.common:buffer_in)

.data      0    00000232    0000000e     UNINITIALIZED
                  00000232    0000000c     main.obj (.data)
                  0000023e    00000002     uart.obj (.data)

.stack     0    000003b0    00000050     UNINITIALIZED
                  000003b0    00000002     rts430_eabi.lib : boot.c.obj (.stack)
                  000003b2    0000004e     --HOLE--

.text      0    0000c000    00001b8a     
                  0000c000    00000478     rts430_eabi.lib : frcdivd.c.obj (.text:__TI_frcdivd)
                  0000c478    000002ee     main.obj (.text:abreJanela)
                  0000c766    000002ee     main.obj (.text:fechaJanela)
                  0000ca54    00000286     rts430_eabi.lib : frcmpyd.c.obj (.text:__TI_frcmpyd)
                  0000ccda    0000026e                     : mpyd.c.obj (.text:__mspabi_mpyd)
                  0000cf48    00000238                     : divd.c.obj (.text:__mspabi_divd)
                  0000d180    0000020a     main.obj (.text:calibracao)
                  0000d38a    0000013e     main.obj (.text:main)
                  0000d4c8    000000dc     rts430_eabi.lib : cmpd.c.obj (.text:__mspabi_cmpd)
                  0000d5a4    0000008a                     : fltuld.c.obj (.text:__mspabi_fltuld)
                  0000d62e    00000080     uart.obj (.text:ConfigUART)
                  0000d6ae    0000007c     rts430_eabi.lib : copy_decompress_lzss.c.obj (.text:decompress:lzss:__TI_decompress_lzss)
                  0000d72a    0000006c     uart.obj (.text:UARTReceive)
                  0000d796    0000005c     rts430_eabi.lib : lsr32.asm.obj (.text:l_lsr_const)
                  0000d7f2    00000058                     : div32u.asm.obj (.text)
                  0000d84a    00000052                     : atoi.c.obj (.text:atoi)
                  0000d89c    0000004c                     : lsr16.asm.obj (.text)
                  0000d8e8    00000042                     : autoinit.c.obj (.text:__TI_auto_init_nobinit_nopinit:__TI_auto_init_nobinit_nopinit)
                  0000d92a    00000040                     : div32s.asm.obj (.text)
                  0000d96a    0000003e     main.obj (.text:SFR_config)
                  0000d9a8    0000003e     rts430_eabi.lib : asr32.asm.obj (.text:l_asr_const)
                  0000d9e6    0000003e                     : lsl32.asm.obj (.text:l_lsl_const)
                  0000da24    0000002c                     : asr16.asm.obj (.text)
                  0000da50    0000002c                     : lsl16.asm.obj (.text)
                  0000da7c    00000028     uart.obj (.text:uart_rx)
                  0000daa4    00000026     rts430_eabi.lib : mult32.asm.obj (.text)
                  0000daca    0000001c                     : boot.c.obj (.text:_c_int00_noargs)
                  0000dae6    00000016                     : div16u.asm.obj (.text)
                  0000dafc    00000014                     : copy_zero_init.c.obj (.text:decompress:ZI:__TI_zero_init_nomemset:__TI_zero_init_nomemset)
                  0000db10    00000014                     : mult16.asm.obj (.text)
                  0000db24    00000012                     : copy_decompress_none.c.obj (.text:decompress:none:__TI_decompress_none)
                  0000db36    00000012     main.obj (.text:desligaBobinas)
                  0000db48    00000012     rts430_eabi.lib : memcpy.c.obj (.text:memcpy)
                  0000db5a    00000010                     : epilog.asm.obj (.text)
                  0000db6a    00000008                     : isr_trap.asm.obj (.text:_isr:__TI_ISR_TRAP)
                  0000db72    00000006     uart.obj (.text:UARTReceiveCount)
                  0000db78    00000006     rts430_eabi.lib : fltud.c.obj (.text:__mspabi_fltud)
                  0000db7e    00000006                     : exit.c.obj (.text:abort)
                  0000db84    00000004                     : pre_init.c.obj (.text:_system_pre_init)
                  0000db88    00000002                     : startup.c.obj (.text:_system_post_cinit)

.const     0    0000db8a    00000101     
                  0000db8a    00000101     rts430_eabi.lib : ctype.c.obj (.const:.string:_ctypes_)

.cinit     0    0000dc8c    0000001a     
                  0000dc8c    00000008     (.cinit..data.load) [load image, compression = lzss]
                  0000dc94    00000006     (__TI_handler_table)
                  0000dc9a    00000004     (.cinit..bss.load) [load image, compression = zero_init]
                  0000dc9e    00000008     (__TI_cinit_table)

.binit     0    0000c000    00000000     

.init_array 
*          0    0000c000    00000000     UNINITIALIZED

TRAPINT    0    0000ffe0    00000002     
                  0000ffe0    00000002     rts430_eabi.lib : int00.asm.obj (.int00)

PORT1      0    0000ffe4    00000002     
                  0000ffe4    00000002     rts430_eabi.lib : int02.asm.obj (.int02)

PORT2      0    0000ffe6    00000002     
                  0000ffe6    00000002     rts430_eabi.lib : int03.asm.obj (.int03)

ADC10      0    0000ffea    00000002     
                  0000ffea    00000002     rts430_eabi.lib : int05.asm.obj (.int05)

USCIAB0TX 
*          0    0000ffec    00000002     
                  0000ffec    00000002     rts430_eabi.lib : int06.asm.obj (.int06)

USCIAB0RX 
*          0    0000ffee    00000002     
                  0000ffee    00000002     uart.obj (.int07)

TIMER0_A1 
*          0    0000fff0    00000002     
                  0000fff0    00000002     rts430_eabi.lib : int08.asm.obj (.int08)

TIMER0_A0 
*          0    0000fff2    00000002     
                  0000fff2    00000002     rts430_eabi.lib : int09.asm.obj (.int09)

WDT        0    0000fff4    00000002     
                  0000fff4    00000002     rts430_eabi.lib : int10.asm.obj (.int10)

COMPARATORA 
*          0    0000fff6    00000002     
                  0000fff6    00000002     rts430_eabi.lib : int11.asm.obj (.int11)

TIMER1_A1 
*          0    0000fff8    00000002     
                  0000fff8    00000002     rts430_eabi.lib : int12.asm.obj (.int12)

TIMER1_A0 
*          0    0000fffa    00000002     
                  0000fffa    00000002     rts430_eabi.lib : int13.asm.obj (.int13)

NMI        0    0000fffc    00000002     
                  0000fffc    00000002     rts430_eabi.lib : int14.asm.obj (.int14)

.reset     0    0000fffe    00000002     
                  0000fffe    00000002     rts430_eabi.lib : boot.c.obj (.reset)

$fill000   0    0000ffde    00000002     
                  0000ffde    00000002     --HOLE-- [fill = ffff]

MODULE SUMMARY

       Module                       code   ro data   rw data
       ------                       ----   -------   -------
    .\
       main.obj                     2420   0         28     
       uart.obj                     282    2         35     
    +--+----------------------------+------+---------+---------+
       Total:                       2702   2         63     
                                                            
    C:\ti\ccsv8\tools\compiler\ti-cgt-msp430_18.1.5.LTS\lib\rts430_eabi.lib
       frcdivd.c.obj                1144   0         0      
       frcmpyd.c.obj                646    0         0      
       mpyd.c.obj                   622    0         0      
       divd.c.obj                   568    0         0      
       ctype.c.obj                  0      257       0      
       cmpd.c.obj                   220    0         0      
       fltuld.c.obj                 138    0         0      
       copy_decompress_lzss.c.obj   124    0         0      
       lsr32.asm.obj                92     0         0      
       div32u.asm.obj               88     0         0      
       atoi.c.obj                   82     0         0      
       lsr16.asm.obj                76     0         0      
       autoinit.c.obj               66     0         0      
       div32s.asm.obj               64     0         0      
       asr32.asm.obj                62     0         0      
       lsl32.asm.obj                62     0         0      
       asr16.asm.obj                44     0         0      
       lsl16.asm.obj                44     0         0      
       mult32.asm.obj               38     0         0      
       boot.c.obj                   28     2         0      
       div16u.asm.obj               22     0         0      
       copy_zero_init.c.obj         20     0         0      
       mult16.asm.obj               20     0         0      
       copy_decompress_none.c.obj   18     0         0      
       memcpy.c.obj                 18     0         0      
       epilog.asm.obj               16     0         0      
       isr_trap.asm.obj             8      0         0      
       exit.c.obj                   6      0         0      
       fltud.c.obj                  6      0         0      
       pre_init.c.obj               4      0         0      
       int00.asm.obj                0      2         0      
       int02.asm.obj                0      2         0      
       int03.asm.obj                0      2         0      
       int05.asm.obj                0      2         0      
       int06.asm.obj                0      2         0      
       int08.asm.obj                0      2         0      
       int09.asm.obj                0      2         0      
       int10.asm.obj                0      2         0      
       int11.asm.obj                0      2         0      
       int12.asm.obj                0      2         0      
       int13.asm.obj                0      2         0      
       int14.asm.obj                0      2         0      
       startup.c.obj                2      0         0      
    +--+----------------------------+------+---------+---------+
       Total:                       4348   283       0      
                                                            
       Stack:                       0      0         80     
       Linker Generated:            0      26        0      
    +--+----------------------------+------+---------+---------+
       Grand Total:                 7050   311       143    


LINKER GENERATED COPY TABLES

__TI_cinit_table @ 0000dc9e records: 2, size/record: 4, table size: 8
	.data: load addr=0000dc8c, load size=00000008 bytes, run addr=00000232, run size=0000000e bytes, compression=lzss
	.bss: load addr=0000dc9a, load size=00000004 bytes, run addr=00000200, run size=00000031 bytes, compression=zero_init


LINKER GENERATED HANDLER TABLE

__TI_handler_table @ 0000dc94 records: 3, size/record: 2, table size: 6
	index: 0, handler: __TI_zero_init
	index: 1, handler: __TI_decompress_lzss
	index: 2, handler: __TI_decompress_none


GLOBAL SYMBOLS: SORTED ALPHABETICALLY BY Name 

address   name                          
-------   ----                          
0000004a  ADC10AE0                      
000001b0  ADC10CTL0                     
000001b2  ADC10CTL1                     
00000048  ADC10DTC0                     
00000049  ADC10DTC1                     
000001b4  ADC10MEM                      
000001bc  ADC10SA                       
00000057  BCSCTL1                       
00000058  BCSCTL2                       
00000053  BCSCTL3                       
0000db7e  C$$EXIT                       
00000059  CACTL1                        
0000005a  CACTL2                        
000010fb  CALBC1_12MHZ                  
000010f9  CALBC1_16MHZ                  
000010ff  CALBC1_1MHZ                   
000010fd  CALBC1_8MHZ                   
000010fa  CALDCO_12MHZ                  
000010f8  CALDCO_16MHZ                  
000010fe  CALDCO_1MHZ                   
000010fc  CALDCO_8MHZ                   
0000005b  CAPD                          
0000d62e  ConfigUART                    
00000056  DCOCTL                        
00000128  FCTL1                         
0000012a  FCTL2                         
0000012c  FCTL3                         
00000000  IE1                           
00000001  IE2                           
00000002  IFG1                          
00000003  IFG2                          
00000022  P1DIR                         
00000025  P1IE                          
00000024  P1IES                         
00000023  P1IFG                         
00000020  P1IN                          
00000021  P1OUT                         
00000027  P1REN                         
00000026  P1SEL                         
00000041  P1SEL2                        
0000002a  P2DIR                         
0000002d  P2IE                          
0000002c  P2IES                         
0000002b  P2IFG                         
00000028  P2IN                          
00000029  P2OUT                         
0000002f  P2REN                         
0000002e  P2SEL                         
00000042  P2SEL2                        
0000001a  P3DIR                         
00000018  P3IN                          
00000019  P3OUT                         
00000010  P3REN                         
0000001b  P3SEL                         
00000043  P3SEL2                        
0000d96a  SFR_config                    
00000172  TA0CCR0                       
00000174  TA0CCR1                       
00000176  TA0CCR2                       
00000162  TA0CCTL0                      
00000164  TA0CCTL1                      
00000166  TA0CCTL2                      
00000160  TA0CTL                        
0000012e  TA0IV                         
00000170  TA0R                          
00000192  TA1CCR0                       
00000194  TA1CCR1                       
00000196  TA1CCR2                       
00000182  TA1CCTL0                      
00000184  TA1CCTL1                      
00000186  TA1CCTL2                      
00000180  TA1CTL                        
0000011e  TA1IV                         
00000190  TA1R                          
000010db  TLV_ADC10_1_LEN               
000010da  TLV_ADC10_1_TAG               
000010c0  TLV_CHECKSUM                  
000010f7  TLV_DCO_30_LEN                
000010f6  TLV_DCO_30_TAG                
0000d72a  UARTReceive                   
0000db72  UARTReceiveCount              
0000005d  UCA0ABCTL                     
00000062  UCA0BR0                       
00000063  UCA0BR1                       
00000060  UCA0CTL0                      
00000061  UCA0CTL1                      
0000005f  UCA0IRRCTL                    
0000005e  UCA0IRTCTL                    
00000064  UCA0MCTL                      
00000066  UCA0RXBUF                     
00000065  UCA0STAT                      
00000067  UCA0TXBUF                     
0000006a  UCB0BR0                       
0000006b  UCB0BR1                       
00000068  UCB0CTL0                      
00000069  UCB0CTL1                      
0000006c  UCB0I2CIE                     
00000118  UCB0I2COA                     
0000011a  UCB0I2CSA                     
0000006e  UCB0RXBUF                     
0000006d  UCB0STAT                      
0000006f  UCB0TXBUF                     
00000120  WDTCTL                        
00000400  __STACK_END                   
00000050  __STACK_SIZE                  
0000dc9e  __TI_CINIT_Base               
0000dca6  __TI_CINIT_Limit              
0000dc94  __TI_Handler_Table_Base       
0000dc9a  __TI_Handler_Table_Limit      
0000db6a  __TI_ISR_TRAP                 
0000d8e8  __TI_auto_init_nobinit_nopinit
0000d6ae  __TI_decompress_lzss          
0000db24  __TI_decompress_none          
0000c000  __TI_frcdivd                  
0000ca54  __TI_frcmpyd                  
0000ffe0  __TI_int00                    
0000ffe4  __TI_int02                    
0000ffe6  __TI_int03                    
0000ffea  __TI_int05                    
0000ffec  __TI_int06                    
0000ffee  __TI_int07                    
0000fff0  __TI_int08                    
0000fff2  __TI_int09                    
0000fff4  __TI_int10                    
0000fff6  __TI_int11                    
0000fff8  __TI_int12                    
0000fffa  __TI_int13                    
0000fffc  __TI_int14                    
ffffffff  __TI_pprof_out_hndl           
ffffffff  __TI_prof_data_size           
ffffffff  __TI_prof_data_start          
0000dafc  __TI_zero_init_nomemset       
ffffffff  __c_args__                    
0000d4c8  __mspabi_cmpd                 
0000cf48  __mspabi_divd                 
0000d92a  __mspabi_divli                
0000dae6  __mspabi_divu                 
0000d7f2  __mspabi_divul                
0000db78  __mspabi_fltud                
0000d5a4  __mspabi_fltuld               
0000db66  __mspabi_func_epilog_1        
0000db64  __mspabi_func_epilog_2        
0000db62  __mspabi_func_epilog_3        
0000db60  __mspabi_func_epilog_4        
0000db5e  __mspabi_func_epilog_5        
0000db5c  __mspabi_func_epilog_6        
0000db5a  __mspabi_func_epilog_7        
0000ccda  __mspabi_mpyd                 
0000db10  __mspabi_mpyi                 
0000db10  __mspabi_mpyi_sw              
0000daa4  __mspabi_mpyl                 
0000daa4  __mspabi_mpyl_sw              
0000d92a  __mspabi_remli                
0000dae6  __mspabi_remu                 
0000d7f2  __mspabi_remul                
0000da50  __mspabi_slli                 
0000da78  __mspabi_slli_1               
0000da66  __mspabi_slli_10              
0000da64  __mspabi_slli_11              
0000da62  __mspabi_slli_12              
0000da60  __mspabi_slli_13              
0000da5e  __mspabi_slli_14              
0000da5c  __mspabi_slli_15              
0000da76  __mspabi_slli_2               
0000da74  __mspabi_slli_3               
0000da72  __mspabi_slli_4               
0000da70  __mspabi_slli_5               
0000da6e  __mspabi_slli_6               
0000da6c  __mspabi_slli_7               
0000da6a  __mspabi_slli_8               
0000da68  __mspabi_slli_9               
0000da1e  __mspabi_slll_1               
0000d9fa  __mspabi_slll_10              
0000d9f6  __mspabi_slll_11              
0000d9f2  __mspabi_slll_12              
0000d9ee  __mspabi_slll_13              
0000d9ea  __mspabi_slll_14              
0000d9e6  __mspabi_slll_15              
0000da1a  __mspabi_slll_2               
0000da16  __mspabi_slll_3               
0000da12  __mspabi_slll_4               
0000da0e  __mspabi_slll_5               
0000da0a  __mspabi_slll_6               
0000da06  __mspabi_slll_7               
0000da02  __mspabi_slll_8               
0000d9fe  __mspabi_slll_9               
0000da24  __mspabi_srai                 
0000da4c  __mspabi_srai_1               
0000da3a  __mspabi_srai_10              
0000da38  __mspabi_srai_11              
0000da36  __mspabi_srai_12              
0000da34  __mspabi_srai_13              
0000da32  __mspabi_srai_14              
0000da30  __mspabi_srai_15              
0000da4a  __mspabi_srai_2               
0000da48  __mspabi_srai_3               
0000da46  __mspabi_srai_4               
0000da44  __mspabi_srai_5               
0000da42  __mspabi_srai_6               
0000da40  __mspabi_srai_7               
0000da3e  __mspabi_srai_8               
0000da3c  __mspabi_srai_9               
0000d9e0  __mspabi_sral_1               
0000d9bc  __mspabi_sral_10              
0000d9b8  __mspabi_sral_11              
0000d9b4  __mspabi_sral_12              
0000d9b0  __mspabi_sral_13              
0000d9ac  __mspabi_sral_14              
0000d9a8  __mspabi_sral_15              
0000d9dc  __mspabi_sral_2               
0000d9d8  __mspabi_sral_3               
0000d9d4  __mspabi_sral_4               
0000d9d0  __mspabi_sral_5               
0000d9cc  __mspabi_sral_6               
0000d9c8  __mspabi_sral_7               
0000d9c4  __mspabi_sral_8               
0000d9c0  __mspabi_sral_9               
0000d89c  __mspabi_srli                 
0000d8e2  __mspabi_srli_1               
0000d8be  __mspabi_srli_10              
0000d8ba  __mspabi_srli_11              
0000d8b6  __mspabi_srli_12              
0000d8b2  __mspabi_srli_13              
0000d8ae  __mspabi_srli_14              
0000d8aa  __mspabi_srli_15              
0000d8de  __mspabi_srli_2               
0000d8da  __mspabi_srli_3               
0000d8d6  __mspabi_srli_4               
0000d8d2  __mspabi_srli_5               
0000d8ce  __mspabi_srli_6               
0000d8ca  __mspabi_srli_7               
0000d8c6  __mspabi_srli_8               
0000d8c2  __mspabi_srli_9               
0000d7ea  __mspabi_srll_1               
0000d7b4  __mspabi_srll_10              
0000d7ae  __mspabi_srll_11              
0000d7a8  __mspabi_srll_12              
0000d7a2  __mspabi_srll_13              
0000d79c  __mspabi_srll_14              
0000d796  __mspabi_srll_15              
0000d7e4  __mspabi_srll_2               
0000d7de  __mspabi_srll_3               
0000d7d8  __mspabi_srll_4               
0000d7d2  __mspabi_srll_5               
0000d7cc  __mspabi_srll_6               
0000d7c6  __mspabi_srll_7               
0000d7c0  __mspabi_srll_8               
0000d7ba  __mspabi_srll_9               
0000daca  _c_int00_noargs               
0000db8a  _ctypes_                      
0000fffe  _reset_vector                 
000003b0  _stack                        
0000db88  _system_post_cinit            
0000db84  _system_pre_init              
0000023a  a                             
0000023c  aberturaAtual                 
0000db7e  abort                         
0000c478  abreJanela                    
0000d84a  atoi                          
0000023f  buffer_count                  
00000230  buffer_in                     
0000023e  buffer_out                    
00000200  buffer_rx                     
0000d180  calibracao                    
0000db36  desligaBobinas                
00000232  estado                        
0000c766  fechaJanela                   
0000d38a  main                          
0000db48  memcpy                        
0000022e  op                            
00000234  passos                        
00000220  rx                            
00000238  tempo                         
0000da7c  uart_rx                       
00000236  var                           
0000022a  x                             


GLOBAL SYMBOLS: SORTED BY Symbol Address 

address   name                          
-------   ----                          
00000000  IE1                           
00000001  IE2                           
00000002  IFG1                          
00000003  IFG2                          
00000010  P3REN                         
00000018  P3IN                          
00000019  P3OUT                         
0000001a  P3DIR                         
0000001b  P3SEL                         
00000020  P1IN                          
00000021  P1OUT                         
00000022  P1DIR                         
00000023  P1IFG                         
00000024  P1IES                         
00000025  P1IE                          
00000026  P1SEL                         
00000027  P1REN                         
00000028  P2IN                          
00000029  P2OUT                         
0000002a  P2DIR                         
0000002b  P2IFG                         
0000002c  P2IES                         
0000002d  P2IE                          
0000002e  P2SEL                         
0000002f  P2REN                         
00000041  P1SEL2                        
00000042  P2SEL2                        
00000043  P3SEL2                        
00000048  ADC10DTC0                     
00000049  ADC10DTC1                     
0000004a  ADC10AE0                      
00000050  __STACK_SIZE                  
00000053  BCSCTL3                       
00000056  DCOCTL                        
00000057  BCSCTL1                       
00000058  BCSCTL2                       
00000059  CACTL1                        
0000005a  CACTL2                        
0000005b  CAPD                          
0000005d  UCA0ABCTL                     
0000005e  UCA0IRTCTL                    
0000005f  UCA0IRRCTL                    
00000060  UCA0CTL0                      
00000061  UCA0CTL1                      
00000062  UCA0BR0                       
00000063  UCA0BR1                       
00000064  UCA0MCTL                      
00000065  UCA0STAT                      
00000066  UCA0RXBUF                     
00000067  UCA0TXBUF                     
00000068  UCB0CTL0                      
00000069  UCB0CTL1                      
0000006a  UCB0BR0                       
0000006b  UCB0BR1                       
0000006c  UCB0I2CIE                     
0000006d  UCB0STAT                      
0000006e  UCB0RXBUF                     
0000006f  UCB0TXBUF                     
00000118  UCB0I2COA                     
0000011a  UCB0I2CSA                     
0000011e  TA1IV                         
00000120  WDTCTL                        
00000128  FCTL1                         
0000012a  FCTL2                         
0000012c  FCTL3                         
0000012e  TA0IV                         
00000160  TA0CTL                        
00000162  TA0CCTL0                      
00000164  TA0CCTL1                      
00000166  TA0CCTL2                      
00000170  TA0R                          
00000172  TA0CCR0                       
00000174  TA0CCR1                       
00000176  TA0CCR2                       
00000180  TA1CTL                        
00000182  TA1CCTL0                      
00000184  TA1CCTL1                      
00000186  TA1CCTL2                      
00000190  TA1R                          
00000192  TA1CCR0                       
00000194  TA1CCR1                       
00000196  TA1CCR2                       
000001b0  ADC10CTL0                     
000001b2  ADC10CTL1                     
000001b4  ADC10MEM                      
000001bc  ADC10SA                       
00000200  buffer_rx                     
00000220  rx                            
0000022a  x                             
0000022e  op                            
00000230  buffer_in                     
00000232  estado                        
00000234  passos                        
00000236  var                           
00000238  tempo                         
0000023a  a                             
0000023c  aberturaAtual                 
0000023e  buffer_out                    
0000023f  buffer_count                  
000003b0  _stack                        
00000400  __STACK_END                   
000010c0  TLV_CHECKSUM                  
000010da  TLV_ADC10_1_TAG               
000010db  TLV_ADC10_1_LEN               
000010f6  TLV_DCO_30_TAG                
000010f7  TLV_DCO_30_LEN                
000010f8  CALDCO_16MHZ                  
000010f9  CALBC1_16MHZ                  
000010fa  CALDCO_12MHZ                  
000010fb  CALBC1_12MHZ                  
000010fc  CALDCO_8MHZ                   
000010fd  CALBC1_8MHZ                   
000010fe  CALDCO_1MHZ                   
000010ff  CALBC1_1MHZ                   
0000c000  __TI_frcdivd                  
0000c478  abreJanela                    
0000c766  fechaJanela                   
0000ca54  __TI_frcmpyd                  
0000ccda  __mspabi_mpyd                 
0000cf48  __mspabi_divd                 
0000d180  calibracao                    
0000d38a  main                          
0000d4c8  __mspabi_cmpd                 
0000d5a4  __mspabi_fltuld               
0000d62e  ConfigUART                    
0000d6ae  __TI_decompress_lzss          
0000d72a  UARTReceive                   
0000d796  __mspabi_srll_15              
0000d79c  __mspabi_srll_14              
0000d7a2  __mspabi_srll_13              
0000d7a8  __mspabi_srll_12              
0000d7ae  __mspabi_srll_11              
0000d7b4  __mspabi_srll_10              
0000d7ba  __mspabi_srll_9               
0000d7c0  __mspabi_srll_8               
0000d7c6  __mspabi_srll_7               
0000d7cc  __mspabi_srll_6               
0000d7d2  __mspabi_srll_5               
0000d7d8  __mspabi_srll_4               
0000d7de  __mspabi_srll_3               
0000d7e4  __mspabi_srll_2               
0000d7ea  __mspabi_srll_1               
0000d7f2  __mspabi_divul                
0000d7f2  __mspabi_remul                
0000d84a  atoi                          
0000d89c  __mspabi_srli                 
0000d8aa  __mspabi_srli_15              
0000d8ae  __mspabi_srli_14              
0000d8b2  __mspabi_srli_13              
0000d8b6  __mspabi_srli_12              
0000d8ba  __mspabi_srli_11              
0000d8be  __mspabi_srli_10              
0000d8c2  __mspabi_srli_9               
0000d8c6  __mspabi_srli_8               
0000d8ca  __mspabi_srli_7               
0000d8ce  __mspabi_srli_6               
0000d8d2  __mspabi_srli_5               
0000d8d6  __mspabi_srli_4               
0000d8da  __mspabi_srli_3               
0000d8de  __mspabi_srli_2               
0000d8e2  __mspabi_srli_1               
0000d8e8  __TI_auto_init_nobinit_nopinit
0000d92a  __mspabi_divli                
0000d92a  __mspabi_remli                
0000d96a  SFR_config                    
0000d9a8  __mspabi_sral_15              
0000d9ac  __mspabi_sral_14              
0000d9b0  __mspabi_sral_13              
0000d9b4  __mspabi_sral_12              
0000d9b8  __mspabi_sral_11              
0000d9bc  __mspabi_sral_10              
0000d9c0  __mspabi_sral_9               
0000d9c4  __mspabi_sral_8               
0000d9c8  __mspabi_sral_7               
0000d9cc  __mspabi_sral_6               
0000d9d0  __mspabi_sral_5               
0000d9d4  __mspabi_sral_4               
0000d9d8  __mspabi_sral_3               
0000d9dc  __mspabi_sral_2               
0000d9e0  __mspabi_sral_1               
0000d9e6  __mspabi_slll_15              
0000d9ea  __mspabi_slll_14              
0000d9ee  __mspabi_slll_13              
0000d9f2  __mspabi_slll_12              
0000d9f6  __mspabi_slll_11              
0000d9fa  __mspabi_slll_10              
0000d9fe  __mspabi_slll_9               
0000da02  __mspabi_slll_8               
0000da06  __mspabi_slll_7               
0000da0a  __mspabi_slll_6               
0000da0e  __mspabi_slll_5               
0000da12  __mspabi_slll_4               
0000da16  __mspabi_slll_3               
0000da1a  __mspabi_slll_2               
0000da1e  __mspabi_slll_1               
0000da24  __mspabi_srai                 
0000da30  __mspabi_srai_15              
0000da32  __mspabi_srai_14              
0000da34  __mspabi_srai_13              
0000da36  __mspabi_srai_12              
0000da38  __mspabi_srai_11              
0000da3a  __mspabi_srai_10              
0000da3c  __mspabi_srai_9               
0000da3e  __mspabi_srai_8               
0000da40  __mspabi_srai_7               
0000da42  __mspabi_srai_6               
0000da44  __mspabi_srai_5               
0000da46  __mspabi_srai_4               
0000da48  __mspabi_srai_3               
0000da4a  __mspabi_srai_2               
0000da4c  __mspabi_srai_1               
0000da50  __mspabi_slli                 
0000da5c  __mspabi_slli_15              
0000da5e  __mspabi_slli_14              
0000da60  __mspabi_slli_13              
0000da62  __mspabi_slli_12              
0000da64  __mspabi_slli_11              
0000da66  __mspabi_slli_10              
0000da68  __mspabi_slli_9               
0000da6a  __mspabi_slli_8               
0000da6c  __mspabi_slli_7               
0000da6e  __mspabi_slli_6               
0000da70  __mspabi_slli_5               
0000da72  __mspabi_slli_4               
0000da74  __mspabi_slli_3               
0000da76  __mspabi_slli_2               
0000da78  __mspabi_slli_1               
0000da7c  uart_rx                       
0000daa4  __mspabi_mpyl                 
0000daa4  __mspabi_mpyl_sw              
0000daca  _c_int00_noargs               
0000dae6  __mspabi_divu                 
0000dae6  __mspabi_remu                 
0000dafc  __TI_zero_init_nomemset       
0000db10  __mspabi_mpyi                 
0000db10  __mspabi_mpyi_sw              
0000db24  __TI_decompress_none          
0000db36  desligaBobinas                
0000db48  memcpy                        
0000db5a  __mspabi_func_epilog_7        
0000db5c  __mspabi_func_epilog_6        
0000db5e  __mspabi_func_epilog_5        
0000db60  __mspabi_func_epilog_4        
0000db62  __mspabi_func_epilog_3        
0000db64  __mspabi_func_epilog_2        
0000db66  __mspabi_func_epilog_1        
0000db6a  __TI_ISR_TRAP                 
0000db72  UARTReceiveCount              
0000db78  __mspabi_fltud                
0000db7e  C$$EXIT                       
0000db7e  abort                         
0000db84  _system_pre_init              
0000db88  _system_post_cinit            
0000db8a  _ctypes_                      
0000dc94  __TI_Handler_Table_Base       
0000dc9a  __TI_Handler_Table_Limit      
0000dc9e  __TI_CINIT_Base               
0000dca6  __TI_CINIT_Limit              
0000ffe0  __TI_int00                    
0000ffe4  __TI_int02                    
0000ffe6  __TI_int03                    
0000ffea  __TI_int05                    
0000ffec  __TI_int06                    
0000ffee  __TI_int07                    
0000fff0  __TI_int08                    
0000fff2  __TI_int09                    
0000fff4  __TI_int10                    
0000fff6  __TI_int11                    
0000fff8  __TI_int12                    
0000fffa  __TI_int13                    
0000fffc  __TI_int14                    
0000fffe  _reset_vector                 
ffffffff  __TI_pprof_out_hndl           
ffffffff  __TI_prof_data_size           
ffffffff  __TI_prof_data_start          
ffffffff  __c_args__                    

[276 symbols]
