******************************************************************************
                  MSP430 Linker PC v18.1.5                     
******************************************************************************
>> Linked Mon May 27 16:53:23 2019

OUTPUT FILE NAME:   <AcionamentoJanela.out>
ENTRY POINT SYMBOL: "_c_int00_noargs"  address: 0000e4fe


MEMORY CONFIGURATION

         name            origin    length      used     unused   attr    fill
----------------------  --------  ---------  --------  --------  ----  --------
  SFR                   00000000   00000010  00000000  00000010  RWIX
  PERIPHERALS_8BIT      00000010   000000f0  00000000  000000f0  RWIX
  PERIPHERALS_16BIT     00000100   00000100  00000000  00000100  RWIX
  RAM                   00000200   00000200  00000095  0000016b  RWIX
  INFOD                 00001000   00000040  00000000  00000040  RWIX
  INFOC                 00001040   00000040  00000000  00000040  RWIX
  INFOB                 00001080   00000040  00000000  00000040  RWIX
  INFOA                 000010c0   00000040  00000000  00000040  RWIX
  FLASH                 0000c000   00003fde  000026f1  000018ed  RWIX
  BSLSIGNATURE          0000ffde   00000002  00000002  00000000  RWIX  ffff 
  INT00                 0000ffe0   00000002  00000002  00000000  RWIX
  INT01                 0000ffe2   00000002  00000000  00000002  RWIX
  INT02                 0000ffe4   00000002  00000002  00000000  RWIX
  INT03                 0000ffe6   00000002  00000002  00000000  RWIX
  INT04                 0000ffe8   00000002  00000000  00000002  RWIX
  INT05                 0000ffea   00000002  00000002  00000000  RWIX
  INT06                 0000ffec   00000002  00000002  00000000  RWIX
  INT07                 0000ffee   00000002  00000002  00000000  RWIX
  INT08                 0000fff0   00000002  00000002  00000000  RWIX
  INT09                 0000fff2   00000002  00000002  00000000  RWIX
  INT10                 0000fff4   00000002  00000002  00000000  RWIX
  INT11                 0000fff6   00000002  00000002  00000000  RWIX
  INT12                 0000fff8   00000002  00000002  00000000  RWIX
  INT13                 0000fffa   00000002  00000002  00000000  RWIX
  INT14                 0000fffc   00000002  00000002  00000000  RWIX
  RESET                 0000fffe   00000002  00000002  00000000  RWIX


SECTION ALLOCATION MAP

 output                                  attributes/
section   page    origin      length       input sections
--------  ----  ----------  ----------   ----------------
.bss       0    00000200    00000033     UNINITIALIZED
                  00000200    00000020     (.common:buffer_rx)
                  00000220    0000000a     (.common:rx)
                  0000022a    00000004     (.common:x)
                  0000022e    00000002     (.common:op)
                  00000230    00000002     (.common:windowSelect)
                  00000232    00000001     (.common:buffer_in)

.data      0    00000234    00000012     UNINITIALIZED
                  00000234    00000010     main.obj (.data)
                  00000244    00000002     uart.obj (.data)

.stack     0    000003b0    00000050     UNINITIALIZED
                  000003b0    00000002     rts430_eabi.lib : boot.c.obj (.stack)
                  000003b2    0000004e     --HOLE--

.text      0    0000c000    000025d6     
                  0000c000    00000478     rts430_eabi.lib : frcdivd.c.obj (.text:__TI_frcdivd)
                  0000c478    0000034e     main.obj (.text:abreJanela2)
                  0000c7c6    0000034e     main.obj (.text:fechaJanela2)
                  0000cb14    000002ee     main.obj (.text:abreJanela1)
                  0000ce02    000002ee     main.obj (.text:fechaJanela1)
                  0000d0f0    00000286     rts430_eabi.lib : frcmpyd.c.obj (.text:__TI_frcmpyd)
                  0000d376    0000026e                     : mpyd.c.obj (.text:__mspabi_mpyd)
                  0000d5e4    00000268     main.obj (.text:calibracao2)
                  0000d84c    00000252     main.obj (.text:main)
                  0000da9e    00000238     rts430_eabi.lib : divd.c.obj (.text:__mspabi_divd)
                  0000dcd6    0000020a     main.obj (.text:calibracao1)
                  0000dee0    000000dc     rts430_eabi.lib : cmpd.c.obj (.text:__mspabi_cmpd)
                  0000dfbc    0000008a                     : fltuld.c.obj (.text:__mspabi_fltuld)
                  0000e046    00000080     uart.obj (.text:ConfigUART)
                  0000e0c6    0000007c     rts430_eabi.lib : copy_decompress_lzss.c.obj (.text:decompress:lzss:__TI_decompress_lzss)
                  0000e142    0000006c     uart.obj (.text:UARTReceive)
                  0000e1ae    0000005c     rts430_eabi.lib : lsr32.asm.obj (.text:l_lsr_const)
                  0000e20a    0000005a     main.obj (.text:SFR_config)
                  0000e264    00000058     rts430_eabi.lib : div32u.asm.obj (.text)
                  0000e2bc    00000052                     : atoi.c.obj (.text:atoi)
                  0000e30e    0000004c                     : lsr16.asm.obj (.text)
                  0000e35a    00000042                     : autoinit.c.obj (.text:__TI_auto_init_nobinit_nopinit:__TI_auto_init_nobinit_nopinit)
                  0000e39c    00000040                     : div32s.asm.obj (.text)
                  0000e3dc    0000003e                     : asr32.asm.obj (.text:l_asr_const)
                  0000e41a    0000003e                     : lsl32.asm.obj (.text:l_lsl_const)
                  0000e458    0000002c                     : asr16.asm.obj (.text)
                  0000e484    0000002c                     : lsl16.asm.obj (.text)
                  0000e4b0    00000028     uart.obj (.text:uart_rx)
                  0000e4d8    00000026     rts430_eabi.lib : mult32.asm.obj (.text)
                  0000e4fe    0000001c                     : boot.c.obj (.text:_c_int00_noargs)
                  0000e51a    00000018     main.obj (.text:desligaBobinas2)
                  0000e532    00000016     rts430_eabi.lib : div16u.asm.obj (.text)
                  0000e548    00000014                     : copy_zero_init.c.obj (.text:decompress:ZI:__TI_zero_init_nomemset:__TI_zero_init_nomemset)
                  0000e55c    00000014                     : mult16.asm.obj (.text)
                  0000e570    00000012                     : copy_decompress_none.c.obj (.text:decompress:none:__TI_decompress_none)
                  0000e582    00000012     main.obj (.text:desligaBobinas1)
                  0000e594    00000012     rts430_eabi.lib : memcpy.c.obj (.text:memcpy)
                  0000e5a6    00000010                     : epilog.asm.obj (.text)
                  0000e5b6    00000008                     : isr_trap.asm.obj (.text:_isr:__TI_ISR_TRAP)
                  0000e5be    00000006     uart.obj (.text:UARTReceiveCount)
                  0000e5c4    00000006     rts430_eabi.lib : fltud.c.obj (.text:__mspabi_fltud)
                  0000e5ca    00000006                     : exit.c.obj (.text:abort)
                  0000e5d0    00000004                     : pre_init.c.obj (.text:_system_pre_init)
                  0000e5d4    00000002                     : startup.c.obj (.text:_system_post_cinit)

.const     0    0000e5d6    00000101     
                  0000e5d6    00000101     rts430_eabi.lib : ctype.c.obj (.const:.string:_ctypes_)

.cinit     0    0000e6d8    0000001a     
                  0000e6d8    00000008     (.cinit..data.load) [load image, compression = lzss]
                  0000e6e0    00000006     (__TI_handler_table)
                  0000e6e6    00000004     (.cinit..bss.load) [load image, compression = zero_init]
                  0000e6ea    00000008     (__TI_cinit_table)

.binit     0    0000c000    00000000     

.init_array 
*          0    0000c000    00000000     UNINITIALIZED

TRAPINT    0    0000ffe0    00000002     
                  0000ffe0    00000002     rts430_eabi.lib : int00.asm.obj (.int00)

PORT1      0    0000ffe4    00000002     
                  0000ffe4    00000002     rts430_eabi.lib : int02.asm.obj (.int02)

PORT2      0    0000ffe6    00000002     
                  0000ffe6    00000002     rts430_eabi.lib : int03.asm.obj (.int03)

ADC10      0    0000ffea    00000002     
                  0000ffea    00000002     rts430_eabi.lib : int05.asm.obj (.int05)

USCIAB0TX 
*          0    0000ffec    00000002     
                  0000ffec    00000002     rts430_eabi.lib : int06.asm.obj (.int06)

USCIAB0RX 
*          0    0000ffee    00000002     
                  0000ffee    00000002     uart.obj (.int07)

TIMER0_A1 
*          0    0000fff0    00000002     
                  0000fff0    00000002     rts430_eabi.lib : int08.asm.obj (.int08)

TIMER0_A0 
*          0    0000fff2    00000002     
                  0000fff2    00000002     rts430_eabi.lib : int09.asm.obj (.int09)

WDT        0    0000fff4    00000002     
                  0000fff4    00000002     rts430_eabi.lib : int10.asm.obj (.int10)

COMPARATORA 
*          0    0000fff6    00000002     
                  0000fff6    00000002     rts430_eabi.lib : int11.asm.obj (.int11)

TIMER1_A1 
*          0    0000fff8    00000002     
                  0000fff8    00000002     rts430_eabi.lib : int12.asm.obj (.int12)

TIMER1_A0 
*          0    0000fffa    00000002     
                  0000fffa    00000002     rts430_eabi.lib : int13.asm.obj (.int13)

NMI        0    0000fffc    00000002     
                  0000fffc    00000002     rts430_eabi.lib : int14.asm.obj (.int14)

.reset     0    0000fffe    00000002     
                  0000fffe    00000002     rts430_eabi.lib : boot.c.obj (.reset)

$fill000   0    0000ffde    00000002     
                  0000ffde    00000002     --HOLE-- [fill = ffff]

MODULE SUMMARY

       Module                       code   ro data   rw data
       ------                       ----   -------   -------
    .\
       main.obj                     5056   0         34     
       uart.obj                     282    2         35     
    +--+----------------------------+------+---------+---------+
       Total:                       5338   2         69     
                                                            
    C:\ti\ccsv8\tools\compiler\ti-cgt-msp430_18.1.5.LTS\lib\rts430_eabi.lib
       frcdivd.c.obj                1144   0         0      
       frcmpyd.c.obj                646    0         0      
       mpyd.c.obj                   622    0         0      
       divd.c.obj                   568    0         0      
       ctype.c.obj                  0      257       0      
       cmpd.c.obj                   220    0         0      
       fltuld.c.obj                 138    0         0      
       copy_decompress_lzss.c.obj   124    0         0      
       lsr32.asm.obj                92     0         0      
       div32u.asm.obj               88     0         0      
       atoi.c.obj                   82     0         0      
       lsr16.asm.obj                76     0         0      
       autoinit.c.obj               66     0         0      
       div32s.asm.obj               64     0         0      
       asr32.asm.obj                62     0         0      
       lsl32.asm.obj                62     0         0      
       asr16.asm.obj                44     0         0      
       lsl16.asm.obj                44     0         0      
       mult32.asm.obj               38     0         0      
       boot.c.obj                   28     2         0      
       div16u.asm.obj               22     0         0      
       copy_zero_init.c.obj         20     0         0      
       mult16.asm.obj               20     0         0      
       copy_decompress_none.c.obj   18     0         0      
       memcpy.c.obj                 18     0         0      
       epilog.asm.obj               16     0         0      
       isr_trap.asm.obj             8      0         0      
       exit.c.obj                   6      0         0      
       fltud.c.obj                  6      0         0      
       pre_init.c.obj               4      0         0      
       int00.asm.obj                0      2         0      
       int02.asm.obj                0      2         0      
       int03.asm.obj                0      2         0      
       int05.asm.obj                0      2         0      
       int06.asm.obj                0      2         0      
       int08.asm.obj                0      2         0      
       int09.asm.obj                0      2         0      
       int10.asm.obj                0      2         0      
       int11.asm.obj                0      2         0      
       int12.asm.obj                0      2         0      
       int13.asm.obj                0      2         0      
       int14.asm.obj                0      2         0      
       startup.c.obj                2      0         0      
    +--+----------------------------+------+---------+---------+
       Total:                       4348   283       0      
                                                            
       Stack:                       0      0         80     
       Linker Generated:            0      26        0      
    +--+----------------------------+------+---------+---------+
       Grand Total:                 9686   311       149    


LINKER GENERATED COPY TABLES

__TI_cinit_table @ 0000e6ea records: 2, size/record: 4, table size: 8
	.data: load addr=0000e6d8, load size=00000008 bytes, run addr=00000234, run size=00000012 bytes, compression=lzss
	.bss: load addr=0000e6e6, load size=00000004 bytes, run addr=00000200, run size=00000033 bytes, compression=zero_init


LINKER GENERATED HANDLER TABLE

__TI_handler_table @ 0000e6e0 records: 3, size/record: 2, table size: 6
	index: 0, handler: __TI_zero_init
	index: 1, handler: __TI_decompress_lzss
	index: 2, handler: __TI_decompress_none


GLOBAL SYMBOLS: SORTED ALPHABETICALLY BY Name 

address   name                          
-------   ----                          
0000004a  ADC10AE0                      
000001b0  ADC10CTL0                     
000001b2  ADC10CTL1                     
00000048  ADC10DTC0                     
00000049  ADC10DTC1                     
000001b4  ADC10MEM                      
000001bc  ADC10SA                       
00000057  BCSCTL1                       
00000058  BCSCTL2                       
00000053  BCSCTL3                       
0000e5ca  C$$EXIT                       
00000059  CACTL1                        
0000005a  CACTL2                        
000010fb  CALBC1_12MHZ                  
000010f9  CALBC1_16MHZ                  
000010ff  CALBC1_1MHZ                   
000010fd  CALBC1_8MHZ                   
000010fa  CALDCO_12MHZ                  
000010f8  CALDCO_16MHZ                  
000010fe  CALDCO_1MHZ                   
000010fc  CALDCO_8MHZ                   
0000005b  CAPD                          
0000e046  ConfigUART                    
00000056  DCOCTL                        
00000128  FCTL1                         
0000012a  FCTL2                         
0000012c  FCTL3                         
00000000  IE1                           
00000001  IE2                           
00000002  IFG1                          
00000003  IFG2                          
00000022  P1DIR                         
00000025  P1IE                          
00000024  P1IES                         
00000023  P1IFG                         
00000020  P1IN                          
00000021  P1OUT                         
00000027  P1REN                         
00000026  P1SEL                         
00000041  P1SEL2                        
0000002a  P2DIR                         
0000002d  P2IE                          
0000002c  P2IES                         
0000002b  P2IFG                         
00000028  P2IN                          
00000029  P2OUT                         
0000002f  P2REN                         
0000002e  P2SEL                         
00000042  P2SEL2                        
0000001a  P3DIR                         
00000018  P3IN                          
00000019  P3OUT                         
00000010  P3REN                         
0000001b  P3SEL                         
00000043  P3SEL2                        
0000e20a  SFR_config                    
00000172  TA0CCR0                       
00000174  TA0CCR1                       
00000176  TA0CCR2                       
00000162  TA0CCTL0                      
00000164  TA0CCTL1                      
00000166  TA0CCTL2                      
00000160  TA0CTL                        
0000012e  TA0IV                         
00000170  TA0R                          
00000192  TA1CCR0                       
00000194  TA1CCR1                       
00000196  TA1CCR2                       
00000182  TA1CCTL0                      
00000184  TA1CCTL1                      
00000186  TA1CCTL2                      
00000180  TA1CTL                        
0000011e  TA1IV                         
00000190  TA1R                          
000010db  TLV_ADC10_1_LEN               
000010da  TLV_ADC10_1_TAG               
000010c0  TLV_CHECKSUM                  
000010f7  TLV_DCO_30_LEN                
000010f6  TLV_DCO_30_TAG                
0000e142  UARTReceive                   
0000e5be  UARTReceiveCount              
0000005d  UCA0ABCTL                     
00000062  UCA0BR0                       
00000063  UCA0BR1                       
00000060  UCA0CTL0                      
00000061  UCA0CTL1                      
0000005f  UCA0IRRCTL                    
0000005e  UCA0IRTCTL                    
00000064  UCA0MCTL                      
00000066  UCA0RXBUF                     
00000065  UCA0STAT                      
00000067  UCA0TXBUF                     
0000006a  UCB0BR0                       
0000006b  UCB0BR1                       
00000068  UCB0CTL0                      
00000069  UCB0CTL1                      
0000006c  UCB0I2CIE                     
00000118  UCB0I2COA                     
0000011a  UCB0I2CSA                     
0000006e  UCB0RXBUF                     
0000006d  UCB0STAT                      
0000006f  UCB0TXBUF                     
00000120  WDTCTL                        
00000400  __STACK_END                   
00000050  __STACK_SIZE                  
0000e6ea  __TI_CINIT_Base               
0000e6f2  __TI_CINIT_Limit              
0000e6e0  __TI_Handler_Table_Base       
0000e6e6  __TI_Handler_Table_Limit      
0000e5b6  __TI_ISR_TRAP                 
0000e35a  __TI_auto_init_nobinit_nopinit
0000e0c6  __TI_decompress_lzss          
0000e570  __TI_decompress_none          
0000c000  __TI_frcdivd                  
0000d0f0  __TI_frcmpyd                  
0000ffe0  __TI_int00                    
0000ffe4  __TI_int02                    
0000ffe6  __TI_int03                    
0000ffea  __TI_int05                    
0000ffec  __TI_int06                    
0000ffee  __TI_int07                    
0000fff0  __TI_int08                    
0000fff2  __TI_int09                    
0000fff4  __TI_int10                    
0000fff6  __TI_int11                    
0000fff8  __TI_int12                    
0000fffa  __TI_int13                    
0000fffc  __TI_int14                    
ffffffff  __TI_pprof_out_hndl           
ffffffff  __TI_prof_data_size           
ffffffff  __TI_prof_data_start          
0000e548  __TI_zero_init_nomemset       
ffffffff  __c_args__                    
0000dee0  __mspabi_cmpd                 
0000da9e  __mspabi_divd                 
0000e39c  __mspabi_divli                
0000e532  __mspabi_divu                 
0000e264  __mspabi_divul                
0000e5c4  __mspabi_fltud                
0000dfbc  __mspabi_fltuld               
0000e5b2  __mspabi_func_epilog_1        
0000e5b0  __mspabi_func_epilog_2        
0000e5ae  __mspabi_func_epilog_3        
0000e5ac  __mspabi_func_epilog_4        
0000e5aa  __mspabi_func_epilog_5        
0000e5a8  __mspabi_func_epilog_6        
0000e5a6  __mspabi_func_epilog_7        
0000d376  __mspabi_mpyd                 
0000e55c  __mspabi_mpyi                 
0000e55c  __mspabi_mpyi_sw              
0000e4d8  __mspabi_mpyl                 
0000e4d8  __mspabi_mpyl_sw              
0000e39c  __mspabi_remli                
0000e532  __mspabi_remu                 
0000e264  __mspabi_remul                
0000e484  __mspabi_slli                 
0000e4ac  __mspabi_slli_1               
0000e49a  __mspabi_slli_10              
0000e498  __mspabi_slli_11              
0000e496  __mspabi_slli_12              
0000e494  __mspabi_slli_13              
0000e492  __mspabi_slli_14              
0000e490  __mspabi_slli_15              
0000e4aa  __mspabi_slli_2               
0000e4a8  __mspabi_slli_3               
0000e4a6  __mspabi_slli_4               
0000e4a4  __mspabi_slli_5               
0000e4a2  __mspabi_slli_6               
0000e4a0  __mspabi_slli_7               
0000e49e  __mspabi_slli_8               
0000e49c  __mspabi_slli_9               
0000e452  __mspabi_slll_1               
0000e42e  __mspabi_slll_10              
0000e42a  __mspabi_slll_11              
0000e426  __mspabi_slll_12              
0000e422  __mspabi_slll_13              
0000e41e  __mspabi_slll_14              
0000e41a  __mspabi_slll_15              
0000e44e  __mspabi_slll_2               
0000e44a  __mspabi_slll_3               
0000e446  __mspabi_slll_4               
0000e442  __mspabi_slll_5               
0000e43e  __mspabi_slll_6               
0000e43a  __mspabi_slll_7               
0000e436  __mspabi_slll_8               
0000e432  __mspabi_slll_9               
0000e458  __mspabi_srai                 
0000e480  __mspabi_srai_1               
0000e46e  __mspabi_srai_10              
0000e46c  __mspabi_srai_11              
0000e46a  __mspabi_srai_12              
0000e468  __mspabi_srai_13              
0000e466  __mspabi_srai_14              
0000e464  __mspabi_srai_15              
0000e47e  __mspabi_srai_2               
0000e47c  __mspabi_srai_3               
0000e47a  __mspabi_srai_4               
0000e478  __mspabi_srai_5               
0000e476  __mspabi_srai_6               
0000e474  __mspabi_srai_7               
0000e472  __mspabi_srai_8               
0000e470  __mspabi_srai_9               
0000e414  __mspabi_sral_1               
0000e3f0  __mspabi_sral_10              
0000e3ec  __mspabi_sral_11              
0000e3e8  __mspabi_sral_12              
0000e3e4  __mspabi_sral_13              
0000e3e0  __mspabi_sral_14              
0000e3dc  __mspabi_sral_15              
0000e410  __mspabi_sral_2               
0000e40c  __mspabi_sral_3               
0000e408  __mspabi_sral_4               
0000e404  __mspabi_sral_5               
0000e400  __mspabi_sral_6               
0000e3fc  __mspabi_sral_7               
0000e3f8  __mspabi_sral_8               
0000e3f4  __mspabi_sral_9               
0000e30e  __mspabi_srli                 
0000e354  __mspabi_srli_1               
0000e330  __mspabi_srli_10              
0000e32c  __mspabi_srli_11              
0000e328  __mspabi_srli_12              
0000e324  __mspabi_srli_13              
0000e320  __mspabi_srli_14              
0000e31c  __mspabi_srli_15              
0000e350  __mspabi_srli_2               
0000e34c  __mspabi_srli_3               
0000e348  __mspabi_srli_4               
0000e344  __mspabi_srli_5               
0000e340  __mspabi_srli_6               
0000e33c  __mspabi_srli_7               
0000e338  __mspabi_srli_8               
0000e334  __mspabi_srli_9               
0000e202  __mspabi_srll_1               
0000e1cc  __mspabi_srll_10              
0000e1c6  __mspabi_srll_11              
0000e1c0  __mspabi_srll_12              
0000e1ba  __mspabi_srll_13              
0000e1b4  __mspabi_srll_14              
0000e1ae  __mspabi_srll_15              
0000e1fc  __mspabi_srll_2               
0000e1f6  __mspabi_srll_3               
0000e1f0  __mspabi_srll_4               
0000e1ea  __mspabi_srll_5               
0000e1e4  __mspabi_srll_6               
0000e1de  __mspabi_srll_7               
0000e1d8  __mspabi_srll_8               
0000e1d2  __mspabi_srll_9               
0000e4fe  _c_int00_noargs               
0000e5d6  _ctypes_                      
0000fffe  _reset_vector                 
000003b0  _stack                        
0000e5d4  _system_post_cinit            
0000e5d0  _system_pre_init              
0000023e  a                             
00000240  aberturaAtual1                
00000242  aberturaAtual2                
0000e5ca  abort                         
0000cb14  abreJanela1                   
0000c478  abreJanela2                   
0000e2bc  atoi                          
00000245  buffer_count                  
00000232  buffer_in                     
00000244  buffer_out                    
00000200  buffer_rx                     
0000dcd6  calibracao1                   
0000d5e4  calibracao2                   
0000e582  desligaBobinas1               
0000e51a  desligaBobinas2               
00000234  estado                        
0000ce02  fechaJanela1                  
0000c7c6  fechaJanela2                  
0000d84c  main                          
0000e594  memcpy                        
0000022e  op                            
00000236  passos1                       
00000238  passos2                       
00000220  rx                            
0000023c  tempo                         
0000e4b0  uart_rx                       
0000023a  var                           
00000230  windowSelect                  
0000022a  x                             


GLOBAL SYMBOLS: SORTED BY Symbol Address 

address   name                          
-------   ----                          
00000000  IE1                           
00000001  IE2                           
00000002  IFG1                          
00000003  IFG2                          
00000010  P3REN                         
00000018  P3IN                          
00000019  P3OUT                         
0000001a  P3DIR                         
0000001b  P3SEL                         
00000020  P1IN                          
00000021  P1OUT                         
00000022  P1DIR                         
00000023  P1IFG                         
00000024  P1IES                         
00000025  P1IE                          
00000026  P1SEL                         
00000027  P1REN                         
00000028  P2IN                          
00000029  P2OUT                         
0000002a  P2DIR                         
0000002b  P2IFG                         
0000002c  P2IES                         
0000002d  P2IE                          
0000002e  P2SEL                         
0000002f  P2REN                         
00000041  P1SEL2                        
00000042  P2SEL2                        
00000043  P3SEL2                        
00000048  ADC10DTC0                     
00000049  ADC10DTC1                     
0000004a  ADC10AE0                      
00000050  __STACK_SIZE                  
00000053  BCSCTL3                       
00000056  DCOCTL                        
00000057  BCSCTL1                       
00000058  BCSCTL2                       
00000059  CACTL1                        
0000005a  CACTL2                        
0000005b  CAPD                          
0000005d  UCA0ABCTL                     
0000005e  UCA0IRTCTL                    
0000005f  UCA0IRRCTL                    
00000060  UCA0CTL0                      
00000061  UCA0CTL1                      
00000062  UCA0BR0                       
00000063  UCA0BR1                       
00000064  UCA0MCTL                      
00000065  UCA0STAT                      
00000066  UCA0RXBUF                     
00000067  UCA0TXBUF                     
00000068  UCB0CTL0                      
00000069  UCB0CTL1                      
0000006a  UCB0BR0                       
0000006b  UCB0BR1                       
0000006c  UCB0I2CIE                     
0000006d  UCB0STAT                      
0000006e  UCB0RXBUF                     
0000006f  UCB0TXBUF                     
00000118  UCB0I2COA                     
0000011a  UCB0I2CSA                     
0000011e  TA1IV                         
00000120  WDTCTL                        
00000128  FCTL1                         
0000012a  FCTL2                         
0000012c  FCTL3                         
0000012e  TA0IV                         
00000160  TA0CTL                        
00000162  TA0CCTL0                      
00000164  TA0CCTL1                      
00000166  TA0CCTL2                      
00000170  TA0R                          
00000172  TA0CCR0                       
00000174  TA0CCR1                       
00000176  TA0CCR2                       
00000180  TA1CTL                        
00000182  TA1CCTL0                      
00000184  TA1CCTL1                      
00000186  TA1CCTL2                      
00000190  TA1R                          
00000192  TA1CCR0                       
00000194  TA1CCR1                       
00000196  TA1CCR2                       
000001b0  ADC10CTL0                     
000001b2  ADC10CTL1                     
000001b4  ADC10MEM                      
000001bc  ADC10SA                       
00000200  buffer_rx                     
00000220  rx                            
0000022a  x                             
0000022e  op                            
00000230  windowSelect                  
00000232  buffer_in                     
00000234  estado                        
00000236  passos1                       
00000238  passos2                       
0000023a  var                           
0000023c  tempo                         
0000023e  a                             
00000240  aberturaAtual1                
00000242  aberturaAtual2                
00000244  buffer_out                    
00000245  buffer_count                  
000003b0  _stack                        
00000400  __STACK_END                   
000010c0  TLV_CHECKSUM                  
000010da  TLV_ADC10_1_TAG               
000010db  TLV_ADC10_1_LEN               
000010f6  TLV_DCO_30_TAG                
000010f7  TLV_DCO_30_LEN                
000010f8  CALDCO_16MHZ                  
000010f9  CALBC1_16MHZ                  
000010fa  CALDCO_12MHZ                  
000010fb  CALBC1_12MHZ                  
000010fc  CALDCO_8MHZ                   
000010fd  CALBC1_8MHZ                   
000010fe  CALDCO_1MHZ                   
000010ff  CALBC1_1MHZ                   
0000c000  __TI_frcdivd                  
0000c478  abreJanela2                   
0000c7c6  fechaJanela2                  
0000cb14  abreJanela1                   
0000ce02  fechaJanela1                  
0000d0f0  __TI_frcmpyd                  
0000d376  __mspabi_mpyd                 
0000d5e4  calibracao2                   
0000d84c  main                          
0000da9e  __mspabi_divd                 
0000dcd6  calibracao1                   
0000dee0  __mspabi_cmpd                 
0000dfbc  __mspabi_fltuld               
0000e046  ConfigUART                    
0000e0c6  __TI_decompress_lzss          
0000e142  UARTReceive                   
0000e1ae  __mspabi_srll_15              
0000e1b4  __mspabi_srll_14              
0000e1ba  __mspabi_srll_13              
0000e1c0  __mspabi_srll_12              
0000e1c6  __mspabi_srll_11              
0000e1cc  __mspabi_srll_10              
0000e1d2  __mspabi_srll_9               
0000e1d8  __mspabi_srll_8               
0000e1de  __mspabi_srll_7               
0000e1e4  __mspabi_srll_6               
0000e1ea  __mspabi_srll_5               
0000e1f0  __mspabi_srll_4               
0000e1f6  __mspabi_srll_3               
0000e1fc  __mspabi_srll_2               
0000e202  __mspabi_srll_1               
0000e20a  SFR_config                    
0000e264  __mspabi_divul                
0000e264  __mspabi_remul                
0000e2bc  atoi                          
0000e30e  __mspabi_srli                 
0000e31c  __mspabi_srli_15              
0000e320  __mspabi_srli_14              
0000e324  __mspabi_srli_13              
0000e328  __mspabi_srli_12              
0000e32c  __mspabi_srli_11              
0000e330  __mspabi_srli_10              
0000e334  __mspabi_srli_9               
0000e338  __mspabi_srli_8               
0000e33c  __mspabi_srli_7               
0000e340  __mspabi_srli_6               
0000e344  __mspabi_srli_5               
0000e348  __mspabi_srli_4               
0000e34c  __mspabi_srli_3               
0000e350  __mspabi_srli_2               
0000e354  __mspabi_srli_1               
0000e35a  __TI_auto_init_nobinit_nopinit
0000e39c  __mspabi_divli                
0000e39c  __mspabi_remli                
0000e3dc  __mspabi_sral_15              
0000e3e0  __mspabi_sral_14              
0000e3e4  __mspabi_sral_13              
0000e3e8  __mspabi_sral_12              
0000e3ec  __mspabi_sral_11              
0000e3f0  __mspabi_sral_10              
0000e3f4  __mspabi_sral_9               
0000e3f8  __mspabi_sral_8               
0000e3fc  __mspabi_sral_7               
0000e400  __mspabi_sral_6               
0000e404  __mspabi_sral_5               
0000e408  __mspabi_sral_4               
0000e40c  __mspabi_sral_3               
0000e410  __mspabi_sral_2               
0000e414  __mspabi_sral_1               
0000e41a  __mspabi_slll_15              
0000e41e  __mspabi_slll_14              
0000e422  __mspabi_slll_13              
0000e426  __mspabi_slll_12              
0000e42a  __mspabi_slll_11              
0000e42e  __mspabi_slll_10              
0000e432  __mspabi_slll_9               
0000e436  __mspabi_slll_8               
0000e43a  __mspabi_slll_7               
0000e43e  __mspabi_slll_6               
0000e442  __mspabi_slll_5               
0000e446  __mspabi_slll_4               
0000e44a  __mspabi_slll_3               
0000e44e  __mspabi_slll_2               
0000e452  __mspabi_slll_1               
0000e458  __mspabi_srai                 
0000e464  __mspabi_srai_15              
0000e466  __mspabi_srai_14              
0000e468  __mspabi_srai_13              
0000e46a  __mspabi_srai_12              
0000e46c  __mspabi_srai_11              
0000e46e  __mspabi_srai_10              
0000e470  __mspabi_srai_9               
0000e472  __mspabi_srai_8               
0000e474  __mspabi_srai_7               
0000e476  __mspabi_srai_6               
0000e478  __mspabi_srai_5               
0000e47a  __mspabi_srai_4               
0000e47c  __mspabi_srai_3               
0000e47e  __mspabi_srai_2               
0000e480  __mspabi_srai_1               
0000e484  __mspabi_slli                 
0000e490  __mspabi_slli_15              
0000e492  __mspabi_slli_14              
0000e494  __mspabi_slli_13              
0000e496  __mspabi_slli_12              
0000e498  __mspabi_slli_11              
0000e49a  __mspabi_slli_10              
0000e49c  __mspabi_slli_9               
0000e49e  __mspabi_slli_8               
0000e4a0  __mspabi_slli_7               
0000e4a2  __mspabi_slli_6               
0000e4a4  __mspabi_slli_5               
0000e4a6  __mspabi_slli_4               
0000e4a8  __mspabi_slli_3               
0000e4aa  __mspabi_slli_2               
0000e4ac  __mspabi_slli_1               
0000e4b0  uart_rx                       
0000e4d8  __mspabi_mpyl                 
0000e4d8  __mspabi_mpyl_sw              
0000e4fe  _c_int00_noargs               
0000e51a  desligaBobinas2               
0000e532  __mspabi_divu                 
0000e532  __mspabi_remu                 
0000e548  __TI_zero_init_nomemset       
0000e55c  __mspabi_mpyi                 
0000e55c  __mspabi_mpyi_sw              
0000e570  __TI_decompress_none          
0000e582  desligaBobinas1               
0000e594  memcpy                        
0000e5a6  __mspabi_func_epilog_7        
0000e5a8  __mspabi_func_epilog_6        
0000e5aa  __mspabi_func_epilog_5        
0000e5ac  __mspabi_func_epilog_4        
0000e5ae  __mspabi_func_epilog_3        
0000e5b0  __mspabi_func_epilog_2        
0000e5b2  __mspabi_func_epilog_1        
0000e5b6  __TI_ISR_TRAP                 
0000e5be  UARTReceiveCount              
0000e5c4  __mspabi_fltud                
0000e5ca  C$$EXIT                       
0000e5ca  abort                         
0000e5d0  _system_pre_init              
0000e5d4  _system_post_cinit            
0000e5d6  _ctypes_                      
0000e6e0  __TI_Handler_Table_Base       
0000e6e6  __TI_Handler_Table_Limit      
0000e6ea  __TI_CINIT_Base               
0000e6f2  __TI_CINIT_Limit              
0000ffe0  __TI_int00                    
0000ffe4  __TI_int02                    
0000ffe6  __TI_int03                    
0000ffea  __TI_int05                    
0000ffec  __TI_int06                    
0000ffee  __TI_int07                    
0000fff0  __TI_int08                    
0000fff2  __TI_int09                    
0000fff4  __TI_int10                    
0000fff6  __TI_int11                    
0000fff8  __TI_int12                    
0000fffa  __TI_int13                    
0000fffc  __TI_int14                    
0000fffe  _reset_vector                 
ffffffff  __TI_pprof_out_hndl           
ffffffff  __TI_prof_data_size           
ffffffff  __TI_prof_data_start          
ffffffff  __c_args__                    

[283 symbols]
