<?xml version="1.0" encoding="ISO-8859-1" ?>
<link_info>
   <banner>MSP430 Linker PC v18.1.5.LTS</banner>
   <copyright>Copyright (c) 2003-2018 Texas Instruments Incorporated</copyright>
   <link_time>0x5cebef0f</link_time>
   <link_errors>0x0</link_errors>
   <output_file>AcionamentoJanela.out</output_file>
   <entry_point>
      <name>_c_int00_noargs</name>
      <address>0xdaca</address>
   </entry_point>
   <input_file_list>
      <input_file id="fl-2">
         <path>.\</path>
         <kind>object</kind>
         <file>main.obj</file>
         <name>main.obj</name>
      </input_file>
      <input_file id="fl-3">
         <path>.\</path>
         <kind>object</kind>
         <file>uart.obj</file>
         <name>uart.obj</name>
      </input_file>
      <input_file id="fl-8">
         <kind>object</kind>
         <file>&lt;internal&gt;</file>
         <name>&lt;internal&gt;</name>
      </input_file>
      <input_file id="fl-1e">
         <path>C:\ti\ccsv8\tools\compiler\ti-cgt-msp430_18.1.5.LTS\lib\</path>
         <kind>archive</kind>
         <file>rts430_eabi.lib</file>
         <name>div16u.asm.obj</name>
      </input_file>
      <input_file id="fl-1f">
         <path>C:\ti\ccsv8\tools\compiler\ti-cgt-msp430_18.1.5.LTS\lib\</path>
         <kind>archive</kind>
         <file>rts430_eabi.lib</file>
         <name>div32s.asm.obj</name>
      </input_file>
      <input_file id="fl-20">
         <path>C:\ti\ccsv8\tools\compiler\ti-cgt-msp430_18.1.5.LTS\lib\</path>
         <kind>archive</kind>
         <file>rts430_eabi.lib</file>
         <name>div32u.asm.obj</name>
      </input_file>
      <input_file id="fl-21">
         <path>C:\ti\ccsv8\tools\compiler\ti-cgt-msp430_18.1.5.LTS\lib\</path>
         <kind>archive</kind>
         <file>rts430_eabi.lib</file>
         <name>epilog.asm.obj</name>
      </input_file>
      <input_file id="fl-22">
         <path>C:\ti\ccsv8\tools\compiler\ti-cgt-msp430_18.1.5.LTS\lib\</path>
         <kind>archive</kind>
         <file>rts430_eabi.lib</file>
         <name>int00.asm.obj</name>
      </input_file>
      <input_file id="fl-23">
         <path>C:\ti\ccsv8\tools\compiler\ti-cgt-msp430_18.1.5.LTS\lib\</path>
         <kind>archive</kind>
         <file>rts430_eabi.lib</file>
         <name>int02.asm.obj</name>
      </input_file>
      <input_file id="fl-24">
         <path>C:\ti\ccsv8\tools\compiler\ti-cgt-msp430_18.1.5.LTS\lib\</path>
         <kind>archive</kind>
         <file>rts430_eabi.lib</file>
         <name>int03.asm.obj</name>
      </input_file>
      <input_file id="fl-25">
         <path>C:\ti\ccsv8\tools\compiler\ti-cgt-msp430_18.1.5.LTS\lib\</path>
         <kind>archive</kind>
         <file>rts430_eabi.lib</file>
         <name>int05.asm.obj</name>
      </input_file>
      <input_file id="fl-26">
         <path>C:\ti\ccsv8\tools\compiler\ti-cgt-msp430_18.1.5.LTS\lib\</path>
         <kind>archive</kind>
         <file>rts430_eabi.lib</file>
         <name>int06.asm.obj</name>
      </input_file>
      <input_file id="fl-27">
         <path>C:\ti\ccsv8\tools\compiler\ti-cgt-msp430_18.1.5.LTS\lib\</path>
         <kind>archive</kind>
         <file>rts430_eabi.lib</file>
         <name>int08.asm.obj</name>
      </input_file>
      <input_file id="fl-28">
         <path>C:\ti\ccsv8\tools\compiler\ti-cgt-msp430_18.1.5.LTS\lib\</path>
         <kind>archive</kind>
         <file>rts430_eabi.lib</file>
         <name>int09.asm.obj</name>
      </input_file>
      <input_file id="fl-29">
         <path>C:\ti\ccsv8\tools\compiler\ti-cgt-msp430_18.1.5.LTS\lib\</path>
         <kind>archive</kind>
         <file>rts430_eabi.lib</file>
         <name>int10.asm.obj</name>
      </input_file>
      <input_file id="fl-2a">
         <path>C:\ti\ccsv8\tools\compiler\ti-cgt-msp430_18.1.5.LTS\lib\</path>
         <kind>archive</kind>
         <file>rts430_eabi.lib</file>
         <name>int11.asm.obj</name>
      </input_file>
      <input_file id="fl-2b">
         <path>C:\ti\ccsv8\tools\compiler\ti-cgt-msp430_18.1.5.LTS\lib\</path>
         <kind>archive</kind>
         <file>rts430_eabi.lib</file>
         <name>int12.asm.obj</name>
      </input_file>
      <input_file id="fl-2c">
         <path>C:\ti\ccsv8\tools\compiler\ti-cgt-msp430_18.1.5.LTS\lib\</path>
         <kind>archive</kind>
         <file>rts430_eabi.lib</file>
         <name>int13.asm.obj</name>
      </input_file>
      <input_file id="fl-2d">
         <path>C:\ti\ccsv8\tools\compiler\ti-cgt-msp430_18.1.5.LTS\lib\</path>
         <kind>archive</kind>
         <file>rts430_eabi.lib</file>
         <name>int14.asm.obj</name>
      </input_file>
      <input_file id="fl-2e">
         <path>C:\ti\ccsv8\tools\compiler\ti-cgt-msp430_18.1.5.LTS\lib\</path>
         <kind>archive</kind>
         <file>rts430_eabi.lib</file>
         <name>isr_trap.asm.obj</name>
      </input_file>
      <input_file id="fl-2f">
         <path>C:\ti\ccsv8\tools\compiler\ti-cgt-msp430_18.1.5.LTS\lib\</path>
         <kind>archive</kind>
         <file>rts430_eabi.lib</file>
         <name>mult16.asm.obj</name>
      </input_file>
      <input_file id="fl-30">
         <path>C:\ti\ccsv8\tools\compiler\ti-cgt-msp430_18.1.5.LTS\lib\</path>
         <kind>archive</kind>
         <file>rts430_eabi.lib</file>
         <name>boot.c.obj</name>
      </input_file>
      <input_file id="fl-31">
         <path>C:\ti\ccsv8\tools\compiler\ti-cgt-msp430_18.1.5.LTS\lib\</path>
         <kind>archive</kind>
         <file>rts430_eabi.lib</file>
         <name>autoinit.c.obj</name>
      </input_file>
      <input_file id="fl-32">
         <path>C:\ti\ccsv8\tools\compiler\ti-cgt-msp430_18.1.5.LTS\lib\</path>
         <kind>archive</kind>
         <file>rts430_eabi.lib</file>
         <name>copy_zero_init.c.obj</name>
      </input_file>
      <input_file id="fl-33">
         <path>C:\ti\ccsv8\tools\compiler\ti-cgt-msp430_18.1.5.LTS\lib\</path>
         <kind>archive</kind>
         <file>rts430_eabi.lib</file>
         <name>cpy_tbl.c.obj</name>
      </input_file>
      <input_file id="fl-34">
         <path>C:\ti\ccsv8\tools\compiler\ti-cgt-msp430_18.1.5.LTS\lib\</path>
         <kind>archive</kind>
         <file>rts430_eabi.lib</file>
         <name>mpu_init.c.obj</name>
      </input_file>
      <input_file id="fl-35">
         <path>C:\ti\ccsv8\tools\compiler\ti-cgt-msp430_18.1.5.LTS\lib\</path>
         <kind>archive</kind>
         <file>rts430_eabi.lib</file>
         <name>pre_init.c.obj</name>
      </input_file>
      <input_file id="fl-36">
         <path>C:\ti\ccsv8\tools\compiler\ti-cgt-msp430_18.1.5.LTS\lib\</path>
         <kind>archive</kind>
         <file>rts430_eabi.lib</file>
         <name>startup.c.obj</name>
      </input_file>
      <input_file id="fl-37">
         <path>C:\ti\ccsv8\tools\compiler\ti-cgt-msp430_18.1.5.LTS\lib\</path>
         <kind>archive</kind>
         <file>rts430_eabi.lib</file>
         <name>copy_decompress_none.c.obj</name>
      </input_file>
      <input_file id="fl-38">
         <path>C:\ti\ccsv8\tools\compiler\ti-cgt-msp430_18.1.5.LTS\lib\</path>
         <kind>archive</kind>
         <file>rts430_eabi.lib</file>
         <name>copy_decompress_lzss.c.obj</name>
      </input_file>
      <input_file id="fl-39">
         <path>C:\ti\ccsv8\tools\compiler\ti-cgt-msp430_18.1.5.LTS\lib\</path>
         <kind>archive</kind>
         <file>rts430_eabi.lib</file>
         <name>cmpd.c.obj</name>
      </input_file>
      <input_file id="fl-3a">
         <path>C:\ti\ccsv8\tools\compiler\ti-cgt-msp430_18.1.5.LTS\lib\</path>
         <kind>archive</kind>
         <file>rts430_eabi.lib</file>
         <name>divd.c.obj</name>
      </input_file>
      <input_file id="fl-3b">
         <path>C:\ti\ccsv8\tools\compiler\ti-cgt-msp430_18.1.5.LTS\lib\</path>
         <kind>archive</kind>
         <file>rts430_eabi.lib</file>
         <name>fltud.c.obj</name>
      </input_file>
      <input_file id="fl-3c">
         <path>C:\ti\ccsv8\tools\compiler\ti-cgt-msp430_18.1.5.LTS\lib\</path>
         <kind>archive</kind>
         <file>rts430_eabi.lib</file>
         <name>fltuld.c.obj</name>
      </input_file>
      <input_file id="fl-3d">
         <path>C:\ti\ccsv8\tools\compiler\ti-cgt-msp430_18.1.5.LTS\lib\</path>
         <kind>archive</kind>
         <file>rts430_eabi.lib</file>
         <name>frcdivd.c.obj</name>
      </input_file>
      <input_file id="fl-3e">
         <path>C:\ti\ccsv8\tools\compiler\ti-cgt-msp430_18.1.5.LTS\lib\</path>
         <kind>archive</kind>
         <file>rts430_eabi.lib</file>
         <name>mpyd.c.obj</name>
      </input_file>
      <input_file id="fl-3f">
         <path>C:\ti\ccsv8\tools\compiler\ti-cgt-msp430_18.1.5.LTS\lib\</path>
         <kind>archive</kind>
         <file>rts430_eabi.lib</file>
         <name>exit.c.obj</name>
      </input_file>
      <input_file id="fl-40">
         <path>C:\ti\ccsv8\tools\compiler\ti-cgt-msp430_18.1.5.LTS\lib\</path>
         <kind>archive</kind>
         <file>rts430_eabi.lib</file>
         <name>_lock.c.obj</name>
      </input_file>
      <input_file id="fl-41">
         <path>C:\ti\ccsv8\tools\compiler\ti-cgt-msp430_18.1.5.LTS\lib\</path>
         <kind>archive</kind>
         <file>rts430_eabi.lib</file>
         <name>args_main.c.obj</name>
      </input_file>
      <input_file id="fl-42">
         <path>C:\ti\ccsv8\tools\compiler\ti-cgt-msp430_18.1.5.LTS\lib\</path>
         <kind>archive</kind>
         <file>rts430_eabi.lib</file>
         <name>atoi.c.obj</name>
      </input_file>
      <input_file id="fl-43">
         <path>C:\ti\ccsv8\tools\compiler\ti-cgt-msp430_18.1.5.LTS\lib\</path>
         <kind>archive</kind>
         <file>rts430_eabi.lib</file>
         <name>ctype.c.obj</name>
      </input_file>
      <input_file id="fl-44">
         <path>C:\ti\ccsv8\tools\compiler\ti-cgt-msp430_18.1.5.LTS\lib\</path>
         <kind>archive</kind>
         <file>rts430_eabi.lib</file>
         <name>memcpy.c.obj</name>
      </input_file>
      <input_file id="fl-45">
         <path>C:\ti\ccsv8\tools\compiler\ti-cgt-msp430_18.1.5.LTS\lib\</path>
         <kind>archive</kind>
         <file>rts430_eabi.lib</file>
         <name>asr16.asm.obj</name>
      </input_file>
      <input_file id="fl-46">
         <path>C:\ti\ccsv8\tools\compiler\ti-cgt-msp430_18.1.5.LTS\lib\</path>
         <kind>archive</kind>
         <file>rts430_eabi.lib</file>
         <name>asr32.asm.obj</name>
      </input_file>
      <input_file id="fl-47">
         <path>C:\ti\ccsv8\tools\compiler\ti-cgt-msp430_18.1.5.LTS\lib\</path>
         <kind>archive</kind>
         <file>rts430_eabi.lib</file>
         <name>lsl16.asm.obj</name>
      </input_file>
      <input_file id="fl-48">
         <path>C:\ti\ccsv8\tools\compiler\ti-cgt-msp430_18.1.5.LTS\lib\</path>
         <kind>archive</kind>
         <file>rts430_eabi.lib</file>
         <name>lsl32.asm.obj</name>
      </input_file>
      <input_file id="fl-49">
         <path>C:\ti\ccsv8\tools\compiler\ti-cgt-msp430_18.1.5.LTS\lib\</path>
         <kind>archive</kind>
         <file>rts430_eabi.lib</file>
         <name>lsr16.asm.obj</name>
      </input_file>
      <input_file id="fl-4a">
         <path>C:\ti\ccsv8\tools\compiler\ti-cgt-msp430_18.1.5.LTS\lib\</path>
         <kind>archive</kind>
         <file>rts430_eabi.lib</file>
         <name>lsr32.asm.obj</name>
      </input_file>
      <input_file id="fl-4b">
         <path>C:\ti\ccsv8\tools\compiler\ti-cgt-msp430_18.1.5.LTS\lib\</path>
         <kind>archive</kind>
         <file>rts430_eabi.lib</file>
         <name>mult32.asm.obj</name>
      </input_file>
      <input_file id="fl-4c">
         <path>C:\ti\ccsv8\tools\compiler\ti-cgt-msp430_18.1.5.LTS\lib\</path>
         <kind>archive</kind>
         <file>rts430_eabi.lib</file>
         <name>exit_gvars.c.obj</name>
      </input_file>
      <input_file id="fl-4d">
         <path>C:\ti\ccsv8\tools\compiler\ti-cgt-msp430_18.1.5.LTS\lib\</path>
         <kind>archive</kind>
         <file>rts430_eabi.lib</file>
         <name>lsr64.c.obj</name>
      </input_file>
      <input_file id="fl-4e">
         <path>C:\ti\ccsv8\tools\compiler\ti-cgt-msp430_18.1.5.LTS\lib\</path>
         <kind>archive</kind>
         <file>rts430_eabi.lib</file>
         <name>frcmpyd.c.obj</name>
      </input_file>
   </input_file_list>
   <object_component_list>
      <object_component id="oc-1b5">
         <name>.common:rx</name>
         <uninitialized>true</uninitialized>
         <run_address>0x220</run_address>
         <size>0xa</size>
      </object_component>
      <object_component id="oc-1bc">
         <name>.common:op</name>
         <uninitialized>true</uninitialized>
         <run_address>0x22e</run_address>
         <size>0x2</size>
      </object_component>
      <object_component id="oc-197">
         <name>.common:x</name>
         <uninitialized>true</uninitialized>
         <run_address>0x22a</run_address>
         <size>0x4</size>
      </object_component>
      <object_component id="oc-140">
         <name>.common:buffer_rx</name>
         <uninitialized>true</uninitialized>
         <run_address>0x200</run_address>
         <size>0x20</size>
      </object_component>
      <object_component id="oc-13d">
         <name>.common:buffer_in</name>
         <uninitialized>true</uninitialized>
         <run_address>0x230</run_address>
         <size>0x1</size>
      </object_component>
      <object_component id="oc-1a0">
         <name>.data</name>
         <load_address>0x232</load_address>
         <run_address>0x232</run_address>
         <size>0xc</size>
         <input_file_ref idref="fl-2"/>
      </object_component>
      <object_component id="oc-141">
         <name>.data</name>
         <load_address>0x23e</load_address>
         <run_address>0x23e</run_address>
         <size>0x2</size>
         <input_file_ref idref="fl-3"/>
      </object_component>
      <object_component id="oc-b1">
         <name>.stack</name>
         <uninitialized>true</uninitialized>
         <run_address>0x3b0</run_address>
         <size>0x2</size>
         <input_file_ref idref="fl-30"/>
      </object_component>
      <object_component id="oc-33a">
         <name>.stack</name>
         <uninitialized>true</uninitialized>
         <run_address>0x3b0</run_address>
         <size>0x0</size>
      </object_component>
      <object_component id="oc-299">
         <name>.text:__TI_frcdivd</name>
         <load_address>0xc000</load_address>
         <run_address>0xc000</run_address>
         <size>0x478</size>
         <input_file_ref idref="fl-3d"/>
      </object_component>
      <object_component id="oc-1a9">
         <name>.text:abreJanela</name>
         <load_address>0xc478</load_address>
         <run_address>0xc478</run_address>
         <size>0x2ee</size>
         <input_file_ref idref="fl-2"/>
      </object_component>
      <object_component id="oc-1a3">
         <name>.text:fechaJanela</name>
         <load_address>0xc766</load_address>
         <run_address>0xc766</run_address>
         <size>0x2ee</size>
         <input_file_ref idref="fl-2"/>
      </object_component>
      <object_component id="oc-28c">
         <name>.text:__TI_frcmpyd</name>
         <load_address>0xca54</load_address>
         <run_address>0xca54</run_address>
         <size>0x286</size>
         <input_file_ref idref="fl-4e"/>
      </object_component>
      <object_component id="oc-220">
         <name>.text:__mspabi_mpyd</name>
         <load_address>0xccda</load_address>
         <run_address>0xccda</run_address>
         <size>0x26e</size>
         <input_file_ref idref="fl-3e"/>
      </object_component>
      <object_component id="oc-226">
         <name>.text:__mspabi_divd</name>
         <load_address>0xcf48</load_address>
         <run_address>0xcf48</run_address>
         <size>0x238</size>
         <input_file_ref idref="fl-3a"/>
      </object_component>
      <object_component id="oc-191">
         <name>.text:calibracao</name>
         <load_address>0xd180</load_address>
         <run_address>0xd180</run_address>
         <size>0x20a</size>
         <input_file_ref idref="fl-2"/>
      </object_component>
      <object_component id="oc-153">
         <name>.text:main</name>
         <load_address>0xd38a</load_address>
         <run_address>0xd38a</run_address>
         <size>0x13e</size>
         <input_file_ref idref="fl-2"/>
      </object_component>
      <object_component id="oc-22c">
         <name>.text:__mspabi_cmpd</name>
         <load_address>0xd4c8</load_address>
         <run_address>0xd4c8</run_address>
         <size>0xdc</size>
         <input_file_ref idref="fl-39"/>
      </object_component>
      <object_component id="oc-214">
         <name>.text:__mspabi_fltuld</name>
         <load_address>0xd5a4</load_address>
         <run_address>0xd5a4</run_address>
         <size>0x8a</size>
         <input_file_ref idref="fl-3c"/>
      </object_component>
      <object_component id="oc-185">
         <name>.text:ConfigUART</name>
         <load_address>0xd62e</load_address>
         <run_address>0xd62e</run_address>
         <size>0x80</size>
         <input_file_ref idref="fl-3"/>
      </object_component>
      <object_component id="oc-34">
         <name>.text:decompress:lzss:__TI_decompress_lzss</name>
         <load_address>0xd6ae</load_address>
         <run_address>0xd6ae</run_address>
         <size>0x7c</size>
         <input_file_ref idref="fl-38"/>
      </object_component>
      <object_component id="oc-1b6">
         <name>.text:UARTReceive</name>
         <load_address>0xd72a</load_address>
         <run_address>0xd72a</run_address>
         <size>0x6c</size>
         <input_file_ref idref="fl-3"/>
      </object_component>
      <object_component id="oc-27f">
         <name>.text:l_lsr_const</name>
         <load_address>0xd796</load_address>
         <run_address>0xd796</run_address>
         <size>0x5c</size>
         <input_file_ref idref="fl-4a"/>
      </object_component>
      <object_component id="oc-26e">
         <name>.text</name>
         <load_address>0xd7f2</load_address>
         <run_address>0xd7f2</run_address>
         <size>0x58</size>
         <input_file_ref idref="fl-20"/>
      </object_component>
      <object_component id="oc-19a">
         <name>.text:atoi</name>
         <load_address>0xd84a</load_address>
         <run_address>0xd84a</run_address>
         <size>0x52</size>
         <input_file_ref idref="fl-42"/>
      </object_component>
      <object_component id="oc-ba">
         <name>.text</name>
         <load_address>0xd89c</load_address>
         <run_address>0xd89c</run_address>
         <size>0x4c</size>
         <input_file_ref idref="fl-49"/>
      </object_component>
      <object_component id="oc-1ca">
         <name>.text:__TI_auto_init_nobinit_nopinit:__TI_auto_init_nobinit_nopinit</name>
         <load_address>0xd8e8</load_address>
         <run_address>0xd8e8</run_address>
         <size>0x42</size>
         <input_file_ref idref="fl-31"/>
      </object_component>
      <object_component id="oc-1fe">
         <name>.text</name>
         <load_address>0xd92a</load_address>
         <run_address>0xd92a</run_address>
         <size>0x40</size>
         <input_file_ref idref="fl-1f"/>
      </object_component>
      <object_component id="oc-17f">
         <name>.text:SFR_config</name>
         <load_address>0xd96a</load_address>
         <run_address>0xd96a</run_address>
         <size>0x3e</size>
         <input_file_ref idref="fl-2"/>
      </object_component>
      <object_component id="oc-2d3">
         <name>.text:l_asr_const</name>
         <load_address>0xd9a8</load_address>
         <run_address>0xd9a8</run_address>
         <size>0x3e</size>
         <input_file_ref idref="fl-46"/>
      </object_component>
      <object_component id="oc-27a">
         <name>.text:l_lsl_const</name>
         <load_address>0xd9e6</load_address>
         <run_address>0xd9e6</run_address>
         <size>0x3e</size>
         <input_file_ref idref="fl-48"/>
      </object_component>
      <object_component id="oc-287">
         <name>.text</name>
         <load_address>0xda24</load_address>
         <run_address>0xda24</run_address>
         <size>0x2c</size>
         <input_file_ref idref="fl-45"/>
      </object_component>
      <object_component id="oc-b5">
         <name>.text</name>
         <load_address>0xda50</load_address>
         <run_address>0xda50</run_address>
         <size>0x2c</size>
         <input_file_ref idref="fl-47"/>
      </object_component>
      <object_component id="oc-e1">
         <name>.text:uart_rx</name>
         <load_address>0xda7c</load_address>
         <run_address>0xda7c</run_address>
         <size>0x28</size>
         <input_file_ref idref="fl-3"/>
      </object_component>
      <object_component id="oc-2d8">
         <name>.text</name>
         <load_address>0xdaa4</load_address>
         <run_address>0xdaa4</run_address>
         <size>0x26</size>
         <input_file_ref idref="fl-4b"/>
      </object_component>
      <object_component id="oc-f9">
         <name>.text:_c_int00_noargs</name>
         <load_address>0xdaca</load_address>
         <run_address>0xdaca</run_address>
         <size>0x1c</size>
         <input_file_ref idref="fl-30"/>
      </object_component>
      <object_component id="oc-232">
         <name>.text</name>
         <load_address>0xdae6</load_address>
         <run_address>0xdae6</run_address>
         <size>0x16</size>
         <input_file_ref idref="fl-1e"/>
      </object_component>
      <object_component id="oc-e7">
         <name>.text:decompress:ZI:__TI_zero_init_nomemset:__TI_zero_init_nomemset</name>
         <load_address>0xdafc</load_address>
         <run_address>0xdafc</run_address>
         <size>0x14</size>
         <input_file_ref idref="fl-32"/>
      </object_component>
      <object_component id="oc-208">
         <name>.text</name>
         <load_address>0xdb10</load_address>
         <run_address>0xdb10</run_address>
         <size>0x14</size>
         <input_file_ref idref="fl-2f"/>
      </object_component>
      <object_component id="oc-3a">
         <name>.text:decompress:none:__TI_decompress_none</name>
         <load_address>0xdb24</load_address>
         <run_address>0xdb24</run_address>
         <size>0x12</size>
         <input_file_ref idref="fl-37"/>
      </object_component>
      <object_component id="oc-18b">
         <name>.text:desligaBobinas</name>
         <load_address>0xdb36</load_address>
         <run_address>0xdb36</run_address>
         <size>0x12</size>
         <input_file_ref idref="fl-2"/>
      </object_component>
      <object_component id="oc-cf">
         <name>.text:memcpy</name>
         <load_address>0xdb48</load_address>
         <run_address>0xdb48</run_address>
         <size>0x12</size>
         <input_file_ref idref="fl-44"/>
      </object_component>
      <object_component id="oc-bf">
         <name>.text</name>
         <load_address>0xdb5a</load_address>
         <run_address>0xdb5a</run_address>
         <size>0x10</size>
         <input_file_ref idref="fl-21"/>
      </object_component>
      <object_component id="oc-dc">
         <name>.text:_isr:__TI_ISR_TRAP</name>
         <load_address>0xdb6a</load_address>
         <run_address>0xdb6a</run_address>
         <size>0x8</size>
         <input_file_ref idref="fl-2e"/>
      </object_component>
      <object_component id="oc-1af">
         <name>.text:UARTReceiveCount</name>
         <load_address>0xdb72</load_address>
         <run_address>0xdb72</run_address>
         <size>0x6</size>
         <input_file_ref idref="fl-3"/>
      </object_component>
      <object_component id="oc-21a">
         <name>.text:__mspabi_fltud</name>
         <load_address>0xdb78</load_address>
         <run_address>0xdb78</run_address>
         <size>0x6</size>
         <input_file_ref idref="fl-3b"/>
      </object_component>
      <object_component id="oc-1be">
         <name>.text:abort</name>
         <load_address>0xdb7e</load_address>
         <run_address>0xdb7e</run_address>
         <size>0x6</size>
         <input_file_ref idref="fl-3f"/>
      </object_component>
      <object_component id="oc-14d">
         <name>.text:_system_pre_init</name>
         <load_address>0xdb84</load_address>
         <run_address>0xdb84</run_address>
         <size>0x4</size>
         <input_file_ref idref="fl-35"/>
      </object_component>
      <object_component id="oc-24d">
         <name>.text:_system_post_cinit</name>
         <load_address>0xdb88</load_address>
         <run_address>0xdb88</run_address>
         <size>0x2</size>
         <input_file_ref idref="fl-36"/>
      </object_component>
      <object_component id="oc-339">
         <name>.cinit..data.load</name>
         <load_address>0xdc8c</load_address>
         <run_address>0xdc8c</run_address>
         <size>0x8</size>
      </object_component>
      <object_component id="oc-336">
         <name>__TI_handler_table</name>
         <load_address>0xdc94</load_address>
         <run_address>0xdc94</run_address>
         <size>0x6</size>
      </object_component>
      <object_component id="oc-338">
         <name>.cinit..bss.load</name>
         <load_address>0xdc9a</load_address>
         <run_address>0xdc9a</run_address>
         <size>0x4</size>
      </object_component>
      <object_component id="oc-337">
         <name>__TI_cinit_table</name>
         <load_address>0xdc9e</load_address>
         <run_address>0xdc9e</run_address>
         <size>0x8</size>
      </object_component>
      <object_component id="oc-20d">
         <name>.const:.string:_ctypes_</name>
         <load_address>0xdb8a</load_address>
         <run_address>0xdb8a</run_address>
         <size>0x101</size>
         <input_file_ref idref="fl-43"/>
      </object_component>
      <object_component id="oc-2f8">
         <name>.binit</name>
         <load_address>0xc000</load_address>
         <run_address>0xc000</run_address>
         <size>0x0</size>
      </object_component>
      <object_component id="oc-40">
         <name>.int00</name>
         <load_address>0xffe0</load_address>
         <run_address>0xffe0</run_address>
         <size>0x2</size>
         <input_file_ref idref="fl-22"/>
      </object_component>
      <object_component id="oc-41">
         <name>.int02</name>
         <load_address>0xffe4</load_address>
         <run_address>0xffe4</run_address>
         <size>0x2</size>
         <input_file_ref idref="fl-23"/>
      </object_component>
      <object_component id="oc-42">
         <name>.int03</name>
         <load_address>0xffe6</load_address>
         <run_address>0xffe6</run_address>
         <size>0x2</size>
         <input_file_ref idref="fl-24"/>
      </object_component>
      <object_component id="oc-43">
         <name>.int05</name>
         <load_address>0xffea</load_address>
         <run_address>0xffea</run_address>
         <size>0x2</size>
         <input_file_ref idref="fl-25"/>
      </object_component>
      <object_component id="oc-44">
         <name>.int06</name>
         <load_address>0xffec</load_address>
         <run_address>0xffec</run_address>
         <size>0x2</size>
         <input_file_ref idref="fl-26"/>
      </object_component>
      <object_component id="oc-45">
         <name>.int07</name>
         <load_address>0xffee</load_address>
         <run_address>0xffee</run_address>
         <size>0x2</size>
         <input_file_ref idref="fl-3"/>
      </object_component>
      <object_component id="oc-46">
         <name>.int08</name>
         <load_address>0xfff0</load_address>
         <run_address>0xfff0</run_address>
         <size>0x2</size>
         <input_file_ref idref="fl-27"/>
      </object_component>
      <object_component id="oc-47">
         <name>.int09</name>
         <load_address>0xfff2</load_address>
         <run_address>0xfff2</run_address>
         <size>0x2</size>
         <input_file_ref idref="fl-28"/>
      </object_component>
      <object_component id="oc-48">
         <name>.int10</name>
         <load_address>0xfff4</load_address>
         <run_address>0xfff4</run_address>
         <size>0x2</size>
         <input_file_ref idref="fl-29"/>
      </object_component>
      <object_component id="oc-49">
         <name>.int11</name>
         <load_address>0xfff6</load_address>
         <run_address>0xfff6</run_address>
         <size>0x2</size>
         <input_file_ref idref="fl-2a"/>
      </object_component>
      <object_component id="oc-4a">
         <name>.int12</name>
         <load_address>0xfff8</load_address>
         <run_address>0xfff8</run_address>
         <size>0x2</size>
         <input_file_ref idref="fl-2b"/>
      </object_component>
      <object_component id="oc-4b">
         <name>.int13</name>
         <load_address>0xfffa</load_address>
         <run_address>0xfffa</run_address>
         <size>0x2</size>
         <input_file_ref idref="fl-2c"/>
      </object_component>
      <object_component id="oc-4c">
         <name>.int14</name>
         <load_address>0xfffc</load_address>
         <run_address>0xfffc</run_address>
         <size>0x2</size>
         <input_file_ref idref="fl-2d"/>
      </object_component>
      <object_component id="oc-b4">
         <name>.reset</name>
         <load_address>0xfffe</load_address>
         <run_address>0xfffe</run_address>
         <size>0x2</size>
         <input_file_ref idref="fl-30"/>
      </object_component>
      <object_component id="oc-198">
         <name>.debug_info</name>
         <load_address>0x0</load_address>
         <run_address>0x0</run_address>
         <size>0x369</size>
         <input_file_ref idref="fl-2"/>
      </object_component>
      <object_component id="oc-1a1">
         <name>.debug_info</name>
         <load_address>0x369</load_address>
         <run_address>0x369</run_address>
         <size>0x161</size>
         <input_file_ref idref="fl-2"/>
      </object_component>
      <object_component id="oc-180">
         <name>.debug_info</name>
         <load_address>0x4ca</load_address>
         <run_address>0x4ca</run_address>
         <size>0x106</size>
         <input_file_ref idref="fl-2"/>
      </object_component>
      <object_component id="oc-18c">
         <name>.debug_info</name>
         <load_address>0x5d0</load_address>
         <run_address>0x5d0</run_address>
         <size>0x111</size>
         <input_file_ref idref="fl-2"/>
      </object_component>
      <object_component id="oc-192">
         <name>.debug_info</name>
         <load_address>0x6e1</load_address>
         <run_address>0x6e1</run_address>
         <size>0x109</size>
         <input_file_ref idref="fl-2"/>
      </object_component>
      <object_component id="oc-1a4">
         <name>.debug_info</name>
         <load_address>0x7ea</load_address>
         <run_address>0x7ea</run_address>
         <size>0x282</size>
         <input_file_ref idref="fl-2"/>
      </object_component>
      <object_component id="oc-1aa">
         <name>.debug_info</name>
         <load_address>0xa6c</load_address>
         <run_address>0xa6c</run_address>
         <size>0x27f</size>
         <input_file_ref idref="fl-2"/>
      </object_component>
      <object_component id="oc-154">
         <name>.debug_info</name>
         <load_address>0xceb</load_address>
         <run_address>0xceb</run_address>
         <size>0x1d9</size>
         <input_file_ref idref="fl-2"/>
      </object_component>
      <object_component id="oc-ca">
         <name>.debug_info</name>
         <load_address>0xec4</load_address>
         <run_address>0xec4</run_address>
         <size>0x84</size>
         <input_file_ref idref="fl-2"/>
      </object_component>
      <object_component id="oc-13e">
         <name>.debug_info</name>
         <load_address>0xf48</load_address>
         <run_address>0xf48</run_address>
         <size>0x2c1</size>
         <input_file_ref idref="fl-3"/>
      </object_component>
      <object_component id="oc-142">
         <name>.debug_info</name>
         <load_address>0x1209</load_address>
         <run_address>0x1209</run_address>
         <size>0x105</size>
         <input_file_ref idref="fl-3"/>
      </object_component>
      <object_component id="oc-e3">
         <name>.debug_info</name>
         <load_address>0x130e</load_address>
         <run_address>0x130e</run_address>
         <size>0x101</size>
         <input_file_ref idref="fl-3"/>
      </object_component>
      <object_component id="oc-1b0">
         <name>.debug_info</name>
         <load_address>0x140f</load_address>
         <run_address>0x140f</run_address>
         <size>0x116</size>
         <input_file_ref idref="fl-3"/>
      </object_component>
      <object_component id="oc-1b7">
         <name>.debug_info</name>
         <load_address>0x1525</load_address>
         <run_address>0x1525</run_address>
         <size>0x167</size>
         <input_file_ref idref="fl-3"/>
      </object_component>
      <object_component id="oc-186">
         <name>.debug_info</name>
         <load_address>0x168c</load_address>
         <run_address>0x168c</run_address>
         <size>0x162</size>
         <input_file_ref idref="fl-3"/>
      </object_component>
      <object_component id="oc-235">
         <name>.debug_info</name>
         <load_address>0x17ee</load_address>
         <run_address>0x17ee</run_address>
         <size>0x124</size>
         <input_file_ref idref="fl-1e"/>
      </object_component>
      <object_component id="oc-201">
         <name>.debug_info</name>
         <load_address>0x1912</load_address>
         <run_address>0x1912</run_address>
         <size>0x13b</size>
         <input_file_ref idref="fl-1f"/>
      </object_component>
      <object_component id="oc-26f">
         <name>.debug_info</name>
         <load_address>0x1a4d</load_address>
         <run_address>0x1a4d</run_address>
         <size>0x126</size>
         <input_file_ref idref="fl-20"/>
      </object_component>
      <object_component id="oc-c1">
         <name>.debug_info</name>
         <load_address>0x1b73</load_address>
         <run_address>0x1b73</run_address>
         <size>0x131</size>
         <input_file_ref idref="fl-21"/>
      </object_component>
      <object_component id="oc-de">
         <name>.debug_info</name>
         <load_address>0x1ca4</load_address>
         <run_address>0x1ca4</run_address>
         <size>0x112</size>
         <input_file_ref idref="fl-2e"/>
      </object_component>
      <object_component id="oc-20a">
         <name>.debug_info</name>
         <load_address>0x1db6</load_address>
         <run_address>0x1db6</run_address>
         <size>0x124</size>
         <input_file_ref idref="fl-2f"/>
      </object_component>
      <object_component id="oc-b2">
         <name>.debug_info</name>
         <load_address>0x1eda</load_address>
         <run_address>0x1eda</run_address>
         <size>0x100</size>
         <input_file_ref idref="fl-30"/>
      </object_component>
      <object_component id="oc-fa">
         <name>.debug_info</name>
         <load_address>0x1fda</load_address>
         <run_address>0x1fda</run_address>
         <size>0x17a</size>
         <input_file_ref idref="fl-30"/>
      </object_component>
      <object_component id="oc-254">
         <name>.debug_info</name>
         <load_address>0x2154</load_address>
         <run_address>0x2154</run_address>
         <size>0x47d</size>
         <input_file_ref idref="fl-31"/>
      </object_component>
      <object_component id="oc-1cd">
         <name>.debug_info</name>
         <load_address>0x25d1</load_address>
         <run_address>0x25d1</run_address>
         <size>0x1e0</size>
         <input_file_ref idref="fl-31"/>
      </object_component>
      <object_component id="oc-2ba">
         <name>.debug_info</name>
         <load_address>0x27b1</load_address>
         <run_address>0x27b1</run_address>
         <size>0x39</size>
         <input_file_ref idref="fl-31"/>
      </object_component>
      <object_component id="oc-2c6">
         <name>.debug_info</name>
         <load_address>0x27ea</load_address>
         <run_address>0x27ea</run_address>
         <size>0x2c</size>
         <input_file_ref idref="fl-31"/>
      </object_component>
      <object_component id="oc-25f">
         <name>.debug_info</name>
         <load_address>0x2816</load_address>
         <run_address>0x2816</run_address>
         <size>0x2c</size>
         <input_file_ref idref="fl-31"/>
      </object_component>
      <object_component id="oc-2bf">
         <name>.debug_info</name>
         <load_address>0x2842</load_address>
         <run_address>0x2842</run_address>
         <size>0xcd</size>
         <input_file_ref idref="fl-31"/>
      </object_component>
      <object_component id="oc-14b">
         <name>.debug_info</name>
         <load_address>0x290f</load_address>
         <run_address>0x290f</run_address>
         <size>0x1bf</size>
         <input_file_ref idref="fl-32"/>
      </object_component>
      <object_component id="oc-e8">
         <name>.debug_info</name>
         <load_address>0x2ace</load_address>
         <run_address>0x2ace</run_address>
         <size>0x1d2</size>
         <input_file_ref idref="fl-32"/>
      </object_component>
      <object_component id="oc-146">
         <name>.debug_info</name>
         <load_address>0x2ca0</load_address>
         <run_address>0x2ca0</run_address>
         <size>0x46</size>
         <input_file_ref idref="fl-32"/>
      </object_component>
      <object_component id="oc-130">
         <name>.debug_info</name>
         <load_address>0x2ce6</load_address>
         <run_address>0x2ce6</run_address>
         <size>0x2c</size>
         <input_file_ref idref="fl-32"/>
      </object_component>
      <object_component id="oc-14e">
         <name>.debug_info</name>
         <load_address>0x2d12</load_address>
         <run_address>0x2d12</run_address>
         <size>0x153</size>
         <input_file_ref idref="fl-35"/>
      </object_component>
      <object_component id="oc-250">
         <name>.debug_info</name>
         <load_address>0x2e65</load_address>
         <run_address>0x2e65</run_address>
         <size>0x150</size>
         <input_file_ref idref="fl-36"/>
      </object_component>
      <object_component id="oc-db">
         <name>.debug_info</name>
         <load_address>0x2fb5</load_address>
         <run_address>0x2fb5</run_address>
         <size>0x180</size>
         <input_file_ref idref="fl-37"/>
      </object_component>
      <object_component id="oc-3b">
         <name>.debug_info</name>
         <load_address>0x3135</load_address>
         <run_address>0x3135</run_address>
         <size>0x1ea</size>
         <input_file_ref idref="fl-37"/>
      </object_component>
      <object_component id="oc-d6">
         <name>.debug_info</name>
         <load_address>0x331f</load_address>
         <run_address>0x331f</run_address>
         <size>0x46</size>
         <input_file_ref idref="fl-37"/>
      </object_component>
      <object_component id="oc-135">
         <name>.debug_info</name>
         <load_address>0x3365</load_address>
         <run_address>0x3365</run_address>
         <size>0x2c</size>
         <input_file_ref idref="fl-37"/>
      </object_component>
      <object_component id="oc-12d">
         <name>.debug_info</name>
         <load_address>0x3391</load_address>
         <run_address>0x3391</run_address>
         <size>0x176</size>
         <input_file_ref idref="fl-38"/>
      </object_component>
      <object_component id="oc-35">
         <name>.debug_info</name>
         <load_address>0x3507</load_address>
         <run_address>0x3507</run_address>
         <size>0x292</size>
         <input_file_ref idref="fl-38"/>
      </object_component>
      <object_component id="oc-c5">
         <name>.debug_info</name>
         <load_address>0x3799</load_address>
         <run_address>0x3799</run_address>
         <size>0x60</size>
         <input_file_ref idref="fl-38"/>
      </object_component>
      <object_component id="oc-16f">
         <name>.debug_info</name>
         <load_address>0x37f9</load_address>
         <run_address>0x37f9</run_address>
         <size>0x46</size>
         <input_file_ref idref="fl-38"/>
      </object_component>
      <object_component id="oc-128">
         <name>.debug_info</name>
         <load_address>0x383f</load_address>
         <run_address>0x383f</run_address>
         <size>0x39</size>
         <input_file_ref idref="fl-38"/>
      </object_component>
      <object_component id="oc-22d">
         <name>.debug_info</name>
         <load_address>0x3878</load_address>
         <run_address>0x3878</run_address>
         <size>0x1af</size>
         <input_file_ref idref="fl-39"/>
      </object_component>
      <object_component id="oc-293">
         <name>.debug_info</name>
         <load_address>0x3a27</load_address>
         <run_address>0x3a27</run_address>
         <size>0x94</size>
         <input_file_ref idref="fl-39"/>
      </object_component>
      <object_component id="oc-2a0">
         <name>.debug_info</name>
         <load_address>0x3abb</load_address>
         <run_address>0x3abb</run_address>
         <size>0x1a2</size>
         <input_file_ref idref="fl-3a"/>
      </object_component>
      <object_component id="oc-227">
         <name>.debug_info</name>
         <load_address>0x3c5d</load_address>
         <run_address>0x3c5d</run_address>
         <size>0x28a</size>
         <input_file_ref idref="fl-3a"/>
      </object_component>
      <object_component id="oc-21c">
         <name>.debug_info</name>
         <load_address>0x3ee7</load_address>
         <run_address>0x3ee7</run_address>
         <size>0x166</size>
         <input_file_ref idref="fl-3b"/>
      </object_component>
      <object_component id="oc-285">
         <name>.debug_info</name>
         <load_address>0x404d</load_address>
         <run_address>0x404d</run_address>
         <size>0x16b</size>
         <input_file_ref idref="fl-3c"/>
      </object_component>
      <object_component id="oc-215">
         <name>.debug_info</name>
         <load_address>0x41b8</load_address>
         <run_address>0x41b8</run_address>
         <size>0x1e3</size>
         <input_file_ref idref="fl-3c"/>
      </object_component>
      <object_component id="oc-2e2">
         <name>.debug_info</name>
         <load_address>0x439b</load_address>
         <run_address>0x439b</run_address>
         <size>0x172</size>
         <input_file_ref idref="fl-3d"/>
      </object_component>
      <object_component id="oc-29a">
         <name>.debug_info</name>
         <load_address>0x450d</load_address>
         <run_address>0x450d</run_address>
         <size>0x5cf</size>
         <input_file_ref idref="fl-3d"/>
      </object_component>
      <object_component id="oc-298">
         <name>.debug_info</name>
         <load_address>0x4adc</load_address>
         <run_address>0x4adc</run_address>
         <size>0x1a2</size>
         <input_file_ref idref="fl-3e"/>
      </object_component>
      <object_component id="oc-221">
         <name>.debug_info</name>
         <load_address>0x4c7e</load_address>
         <run_address>0x4c7e</run_address>
         <size>0x2e0</size>
         <input_file_ref idref="fl-3e"/>
      </object_component>
      <object_component id="oc-1bf">
         <name>.debug_info</name>
         <load_address>0x4f5e</load_address>
         <run_address>0x4f5e</run_address>
         <size>0x122</size>
         <input_file_ref idref="fl-3f"/>
      </object_component>
      <object_component id="oc-211">
         <name>.debug_info</name>
         <load_address>0x5080</load_address>
         <run_address>0x5080</run_address>
         <size>0x191</size>
         <input_file_ref idref="fl-42"/>
      </object_component>
      <object_component id="oc-19d">
         <name>.debug_info</name>
         <load_address>0x5211</load_address>
         <run_address>0x5211</run_address>
         <size>0x190</size>
         <input_file_ref idref="fl-42"/>
      </object_component>
      <object_component id="oc-277">
         <name>.debug_info</name>
         <load_address>0x53a1</load_address>
         <run_address>0x53a1</run_address>
         <size>0xf9</size>
         <input_file_ref idref="fl-43"/>
      </object_component>
      <object_component id="oc-20e">
         <name>.debug_info</name>
         <load_address>0x549a</load_address>
         <run_address>0x549a</run_address>
         <size>0x105</size>
         <input_file_ref idref="fl-43"/>
      </object_component>
      <object_component id="oc-12f">
         <name>.debug_info</name>
         <load_address>0x559f</load_address>
         <run_address>0x559f</run_address>
         <size>0x181</size>
         <input_file_ref idref="fl-44"/>
      </object_component>
      <object_component id="oc-d2">
         <name>.debug_info</name>
         <load_address>0x5720</load_address>
         <run_address>0x5720</run_address>
         <size>0x17a</size>
         <input_file_ref idref="fl-44"/>
      </object_component>
      <object_component id="oc-288">
         <name>.debug_info</name>
         <load_address>0x589a</load_address>
         <run_address>0x589a</run_address>
         <size>0x123</size>
         <input_file_ref idref="fl-45"/>
      </object_component>
      <object_component id="oc-2d6">
         <name>.debug_info</name>
         <load_address>0x59bd</load_address>
         <run_address>0x59bd</run_address>
         <size>0x129</size>
         <input_file_ref idref="fl-46"/>
      </object_component>
      <object_component id="oc-b8">
         <name>.debug_info</name>
         <load_address>0x5ae6</load_address>
         <run_address>0x5ae6</run_address>
         <size>0x123</size>
         <input_file_ref idref="fl-47"/>
      </object_component>
      <object_component id="oc-27b">
         <name>.debug_info</name>
         <load_address>0x5c09</load_address>
         <run_address>0x5c09</run_address>
         <size>0x129</size>
         <input_file_ref idref="fl-48"/>
      </object_component>
      <object_component id="oc-bb">
         <name>.debug_info</name>
         <load_address>0x5d32</load_address>
         <run_address>0x5d32</run_address>
         <size>0x123</size>
         <input_file_ref idref="fl-49"/>
      </object_component>
      <object_component id="oc-281">
         <name>.debug_info</name>
         <load_address>0x5e55</load_address>
         <run_address>0x5e55</run_address>
         <size>0x129</size>
         <input_file_ref idref="fl-4a"/>
      </object_component>
      <object_component id="oc-2d9">
         <name>.debug_info</name>
         <load_address>0x5f7e</load_address>
         <run_address>0x5f7e</run_address>
         <size>0x124</size>
         <input_file_ref idref="fl-4b"/>
      </object_component>
      <object_component id="oc-2de">
         <name>.debug_info</name>
         <load_address>0x60a2</load_address>
         <run_address>0x60a2</run_address>
         <size>0x172</size>
         <input_file_ref idref="fl-4e"/>
      </object_component>
      <object_component id="oc-28e">
         <name>.debug_info</name>
         <load_address>0x6214</load_address>
         <run_address>0x6214</run_address>
         <size>0x3ab</size>
         <input_file_ref idref="fl-4e"/>
      </object_component>
      <object_component id="oc-33b">
         <name>.debug_info</name>
         <load_address>0x65bf</load_address>
         <run_address>0x65bf</run_address>
         <size>0xaa</size>
      </object_component>
      <object_component id="oc-207">
         <name>.debug_line</name>
         <load_address>0x0</load_address>
         <run_address>0x0</run_address>
         <size>0xb7</size>
         <input_file_ref idref="fl-2"/>
      </object_component>
      <object_component id="oc-213">
         <name>.debug_line</name>
         <load_address>0xb7</load_address>
         <run_address>0xb7</run_address>
         <size>0x2d</size>
         <input_file_ref idref="fl-2"/>
      </object_component>
      <object_component id="oc-183">
         <name>.debug_line</name>
         <load_address>0xe4</load_address>
         <run_address>0xe4</run_address>
         <size>0x4b</size>
         <input_file_ref idref="fl-2"/>
      </object_component>
      <object_component id="oc-18f">
         <name>.debug_line</name>
         <load_address>0x12f</load_address>
         <run_address>0x12f</run_address>
         <size>0x4c</size>
         <input_file_ref idref="fl-2"/>
      </object_component>
      <object_component id="oc-195">
         <name>.debug_line</name>
         <load_address>0x17b</load_address>
         <run_address>0x17b</run_address>
         <size>0xcc</size>
         <input_file_ref idref="fl-2"/>
      </object_component>
      <object_component id="oc-1a8">
         <name>.debug_line</name>
         <load_address>0x247</load_address>
         <run_address>0x247</run_address>
         <size>0xd7</size>
         <input_file_ref idref="fl-2"/>
      </object_component>
      <object_component id="oc-1ad">
         <name>.debug_line</name>
         <load_address>0x31e</load_address>
         <run_address>0x31e</run_address>
         <size>0xd4</size>
         <input_file_ref idref="fl-2"/>
      </object_component>
      <object_component id="oc-158">
         <name>.debug_line</name>
         <load_address>0x3f2</load_address>
         <run_address>0x3f2</run_address>
         <size>0xb2</size>
         <input_file_ref idref="fl-2"/>
      </object_component>
      <object_component id="oc-cd">
         <name>.debug_line</name>
         <load_address>0x4a4</load_address>
         <run_address>0x4a4</run_address>
         <size>0x20</size>
         <input_file_ref idref="fl-2"/>
      </object_component>
      <object_component id="oc-179">
         <name>.debug_line</name>
         <load_address>0x4c4</load_address>
         <run_address>0x4c4</run_address>
         <size>0x62</size>
         <input_file_ref idref="fl-3"/>
      </object_component>
      <object_component id="oc-17b">
         <name>.debug_line</name>
         <load_address>0x526</load_address>
         <run_address>0x526</run_address>
         <size>0x2d</size>
         <input_file_ref idref="fl-3"/>
      </object_component>
      <object_component id="oc-e6">
         <name>.debug_line</name>
         <load_address>0x553</load_address>
         <run_address>0x553</run_address>
         <size>0x4b</size>
         <input_file_ref idref="fl-3"/>
      </object_component>
      <object_component id="oc-1b3">
         <name>.debug_line</name>
         <load_address>0x59e</load_address>
         <run_address>0x59e</run_address>
         <size>0x43</size>
         <input_file_ref idref="fl-3"/>
      </object_component>
      <object_component id="oc-1ba">
         <name>.debug_line</name>
         <load_address>0x5e1</load_address>
         <run_address>0x5e1</run_address>
         <size>0x73</size>
         <input_file_ref idref="fl-3"/>
      </object_component>
      <object_component id="oc-189">
         <name>.debug_line</name>
         <load_address>0x654</load_address>
         <run_address>0x654</run_address>
         <size>0x62</size>
         <input_file_ref idref="fl-3"/>
      </object_component>
      <object_component id="oc-233">
         <name>.debug_line</name>
         <load_address>0x6b6</load_address>
         <run_address>0x6b6</run_address>
         <size>0x43</size>
         <input_file_ref idref="fl-1e"/>
      </object_component>
      <object_component id="oc-1ff">
         <name>.debug_line</name>
         <load_address>0x6f9</load_address>
         <run_address>0x6f9</run_address>
         <size>0x5a</size>
         <input_file_ref idref="fl-1f"/>
      </object_component>
      <object_component id="oc-272">
         <name>.debug_line</name>
         <load_address>0x753</load_address>
         <run_address>0x753</run_address>
         <size>0x64</size>
         <input_file_ref idref="fl-20"/>
      </object_component>
      <object_component id="oc-c0">
         <name>.debug_line</name>
         <load_address>0x7b7</load_address>
         <run_address>0x7b7</run_address>
         <size>0x40</size>
         <input_file_ref idref="fl-21"/>
      </object_component>
      <object_component id="oc-dd">
         <name>.debug_line</name>
         <load_address>0x7f7</load_address>
         <run_address>0x7f7</run_address>
         <size>0x3d</size>
         <input_file_ref idref="fl-2e"/>
      </object_component>
      <object_component id="oc-209">
         <name>.debug_line</name>
         <load_address>0x834</load_address>
         <run_address>0x834</run_address>
         <size>0x42</size>
         <input_file_ref idref="fl-2f"/>
      </object_component>
      <object_component id="oc-124">
         <name>.debug_line</name>
         <load_address>0x876</load_address>
         <run_address>0x876</run_address>
         <size>0x2a</size>
         <input_file_ref idref="fl-30"/>
      </object_component>
      <object_component id="oc-fd">
         <name>.debug_line</name>
         <load_address>0x8a0</load_address>
         <run_address>0x8a0</run_address>
         <size>0x46</size>
         <input_file_ref idref="fl-30"/>
      </object_component>
      <object_component id="oc-2b9">
         <name>.debug_line</name>
         <load_address>0x8e6</load_address>
         <run_address>0x8e6</run_address>
         <size>0xc2</size>
         <input_file_ref idref="fl-31"/>
      </object_component>
      <object_component id="oc-1cc">
         <name>.debug_line</name>
         <load_address>0x9a8</load_address>
         <run_address>0x9a8</run_address>
         <size>0x76</size>
         <input_file_ref idref="fl-31"/>
      </object_component>
      <object_component id="oc-2bd">
         <name>.debug_line</name>
         <load_address>0xa1e</load_address>
         <run_address>0xa1e</run_address>
         <size>0x2e</size>
         <input_file_ref idref="fl-31"/>
      </object_component>
      <object_component id="oc-2c9">
         <name>.debug_line</name>
         <load_address>0xa4c</load_address>
         <run_address>0xa4c</run_address>
         <size>0x9d</size>
         <input_file_ref idref="fl-31"/>
      </object_component>
      <object_component id="oc-262">
         <name>.debug_line</name>
         <load_address>0xae9</load_address>
         <run_address>0xae9</run_address>
         <size>0x9a</size>
         <input_file_ref idref="fl-31"/>
      </object_component>
      <object_component id="oc-2c2">
         <name>.debug_line</name>
         <load_address>0xb83</load_address>
         <run_address>0xb83</run_address>
         <size>0x96</size>
         <input_file_ref idref="fl-31"/>
      </object_component>
      <object_component id="oc-17d">
         <name>.debug_line</name>
         <load_address>0xc19</load_address>
         <run_address>0xc19</run_address>
         <size>0x34</size>
         <input_file_ref idref="fl-32"/>
      </object_component>
      <object_component id="oc-eb">
         <name>.debug_line</name>
         <load_address>0xc4d</load_address>
         <run_address>0xc4d</run_address>
         <size>0x4d</size>
         <input_file_ref idref="fl-32"/>
      </object_component>
      <object_component id="oc-149">
         <name>.debug_line</name>
         <load_address>0xc9a</load_address>
         <run_address>0xc9a</run_address>
         <size>0x34</size>
         <input_file_ref idref="fl-32"/>
      </object_component>
      <object_component id="oc-133">
         <name>.debug_line</name>
         <load_address>0xcce</load_address>
         <run_address>0xcce</run_address>
         <size>0x95</size>
         <input_file_ref idref="fl-32"/>
      </object_component>
      <object_component id="oc-151">
         <name>.debug_line</name>
         <load_address>0xd63</load_address>
         <run_address>0xd63</run_address>
         <size>0x3e</size>
         <input_file_ref idref="fl-35"/>
      </object_component>
      <object_component id="oc-24e">
         <name>.debug_line</name>
         <load_address>0xda1</load_address>
         <run_address>0xda1</run_address>
         <size>0x3a</size>
         <input_file_ref idref="fl-36"/>
      </object_component>
      <object_component id="oc-13b">
         <name>.debug_line</name>
         <load_address>0xddb</load_address>
         <run_address>0xddb</run_address>
         <size>0x20</size>
         <input_file_ref idref="fl-37"/>
      </object_component>
      <object_component id="oc-3e">
         <name>.debug_line</name>
         <load_address>0xdfb</load_address>
         <run_address>0xdfb</run_address>
         <size>0x50</size>
         <input_file_ref idref="fl-37"/>
      </object_component>
      <object_component id="oc-d9">
         <name>.debug_line</name>
         <load_address>0xe4b</load_address>
         <run_address>0xe4b</run_address>
         <size>0x3a</size>
         <input_file_ref idref="fl-37"/>
      </object_component>
      <object_component id="oc-138">
         <name>.debug_line</name>
         <load_address>0xe85</load_address>
         <run_address>0xe85</run_address>
         <size>0x95</size>
         <input_file_ref idref="fl-37"/>
      </object_component>
      <object_component id="oc-175">
         <name>.debug_line</name>
         <load_address>0xf1a</load_address>
         <run_address>0xf1a</run_address>
         <size>0x20</size>
         <input_file_ref idref="fl-38"/>
      </object_component>
      <object_component id="oc-38">
         <name>.debug_line</name>
         <load_address>0xf3a</load_address>
         <run_address>0xf3a</run_address>
         <size>0x92</size>
         <input_file_ref idref="fl-38"/>
      </object_component>
      <object_component id="oc-c8">
         <name>.debug_line</name>
         <load_address>0xfcc</load_address>
         <run_address>0xfcc</run_address>
         <size>0x3a</size>
         <input_file_ref idref="fl-38"/>
      </object_component>
      <object_component id="oc-172">
         <name>.debug_line</name>
         <load_address>0x1006</load_address>
         <run_address>0x1006</run_address>
         <size>0x9d</size>
         <input_file_ref idref="fl-38"/>
      </object_component>
      <object_component id="oc-12b">
         <name>.debug_line</name>
         <load_address>0x10a3</load_address>
         <run_address>0x10a3</run_address>
         <size>0x99</size>
         <input_file_ref idref="fl-38"/>
      </object_component>
      <object_component id="oc-231">
         <name>.debug_line</name>
         <load_address>0x113c</load_address>
         <run_address>0x113c</run_address>
         <size>0x75</size>
         <input_file_ref idref="fl-39"/>
      </object_component>
      <object_component id="oc-296">
         <name>.debug_line</name>
         <load_address>0x11b1</load_address>
         <run_address>0x11b1</run_address>
         <size>0x2e</size>
         <input_file_ref idref="fl-39"/>
      </object_component>
      <object_component id="oc-2e4">
         <name>.debug_line</name>
         <load_address>0x11df</load_address>
         <run_address>0x11df</run_address>
         <size>0x2d</size>
         <input_file_ref idref="fl-3a"/>
      </object_component>
      <object_component id="oc-22a">
         <name>.debug_line</name>
         <load_address>0x120c</load_address>
         <run_address>0x120c</run_address>
         <size>0xec</size>
         <input_file_ref idref="fl-3a"/>
      </object_component>
      <object_component id="oc-21b">
         <name>.debug_line</name>
         <load_address>0x12f8</load_address>
         <run_address>0x12f8</run_address>
         <size>0x3d</size>
         <input_file_ref idref="fl-3b"/>
      </object_component>
      <object_component id="oc-2d1">
         <name>.debug_line</name>
         <load_address>0x1335</load_address>
         <run_address>0x1335</run_address>
         <size>0x20</size>
         <input_file_ref idref="fl-3c"/>
      </object_component>
      <object_component id="oc-218">
         <name>.debug_line</name>
         <load_address>0x1355</load_address>
         <run_address>0x1355</run_address>
         <size>0x71</size>
         <input_file_ref idref="fl-3c"/>
      </object_component>
      <object_component id="oc-2f6">
         <name>.debug_line</name>
         <load_address>0x13c6</load_address>
         <run_address>0x13c6</run_address>
         <size>0x20</size>
         <input_file_ref idref="fl-3d"/>
      </object_component>
      <object_component id="oc-29d">
         <name>.debug_line</name>
         <load_address>0x13e6</load_address>
         <run_address>0x13e6</run_address>
         <size>0xdc</size>
         <input_file_ref idref="fl-3d"/>
      </object_component>
      <object_component id="oc-2e0">
         <name>.debug_line</name>
         <load_address>0x14c2</load_address>
         <run_address>0x14c2</run_address>
         <size>0x2d</size>
         <input_file_ref idref="fl-3e"/>
      </object_component>
      <object_component id="oc-225">
         <name>.debug_line</name>
         <load_address>0x14ef</load_address>
         <run_address>0x14ef</run_address>
         <size>0x103</size>
         <input_file_ref idref="fl-3e"/>
      </object_component>
      <object_component id="oc-1c2">
         <name>.debug_line</name>
         <load_address>0x15f2</load_address>
         <run_address>0x15f2</run_address>
         <size>0x3d</size>
         <input_file_ref idref="fl-3f"/>
      </object_component>
      <object_component id="oc-279">
         <name>.debug_line</name>
         <load_address>0x162f</load_address>
         <run_address>0x162f</run_address>
         <size>0x94</size>
         <input_file_ref idref="fl-42"/>
      </object_component>
      <object_component id="oc-19b">
         <name>.debug_line</name>
         <load_address>0x16c3</load_address>
         <run_address>0x16c3</run_address>
         <size>0x5d</size>
         <input_file_ref idref="fl-42"/>
      </object_component>
      <object_component id="oc-2cd">
         <name>.debug_line</name>
         <load_address>0x1720</load_address>
         <run_address>0x1720</run_address>
         <size>0x20</size>
         <input_file_ref idref="fl-43"/>
      </object_component>
      <object_component id="oc-276">
         <name>.debug_line</name>
         <load_address>0x1740</load_address>
         <run_address>0x1740</run_address>
         <size>0x2b</size>
         <input_file_ref idref="fl-43"/>
      </object_component>
      <object_component id="oc-177">
         <name>.debug_line</name>
         <load_address>0x176b</load_address>
         <run_address>0x176b</run_address>
         <size>0x20</size>
         <input_file_ref idref="fl-44"/>
      </object_component>
      <object_component id="oc-d1">
         <name>.debug_line</name>
         <load_address>0x178b</load_address>
         <run_address>0x178b</run_address>
         <size>0x42</size>
         <input_file_ref idref="fl-44"/>
      </object_component>
      <object_component id="oc-28b">
         <name>.debug_line</name>
         <load_address>0x17cd</load_address>
         <run_address>0x17cd</run_address>
         <size>0x4e</size>
         <input_file_ref idref="fl-45"/>
      </object_component>
      <object_component id="oc-2d5">
         <name>.debug_line</name>
         <load_address>0x181b</load_address>
         <run_address>0x181b</run_address>
         <size>0x56</size>
         <input_file_ref idref="fl-46"/>
      </object_component>
      <object_component id="oc-b7">
         <name>.debug_line</name>
         <load_address>0x1871</load_address>
         <run_address>0x1871</run_address>
         <size>0x4e</size>
         <input_file_ref idref="fl-47"/>
      </object_component>
      <object_component id="oc-27e">
         <name>.debug_line</name>
         <load_address>0x18bf</load_address>
         <run_address>0x18bf</run_address>
         <size>0x56</size>
         <input_file_ref idref="fl-48"/>
      </object_component>
      <object_component id="oc-be">
         <name>.debug_line</name>
         <load_address>0x1915</load_address>
         <run_address>0x1915</run_address>
         <size>0x5e</size>
         <input_file_ref idref="fl-49"/>
      </object_component>
      <object_component id="oc-283">
         <name>.debug_line</name>
         <load_address>0x1973</load_address>
         <run_address>0x1973</run_address>
         <size>0x65</size>
         <input_file_ref idref="fl-4a"/>
      </object_component>
      <object_component id="oc-2dc">
         <name>.debug_line</name>
         <load_address>0x19d8</load_address>
         <run_address>0x19d8</run_address>
         <size>0x4b</size>
         <input_file_ref idref="fl-4b"/>
      </object_component>
      <object_component id="oc-2f4">
         <name>.debug_line</name>
         <load_address>0x1a23</load_address>
         <run_address>0x1a23</run_address>
         <size>0x20</size>
         <input_file_ref idref="fl-4e"/>
      </object_component>
      <object_component id="oc-290">
         <name>.debug_line</name>
         <load_address>0x1a43</load_address>
         <run_address>0x1a43</run_address>
         <size>0x9a</size>
         <input_file_ref idref="fl-4e"/>
      </object_component>
      <object_component id="oc-184">
         <name>.debug_frame</name>
         <load_address>0x0</load_address>
         <run_address>0x0</run_address>
         <size>0x3c</size>
         <input_file_ref idref="fl-2"/>
      </object_component>
      <object_component id="oc-190">
         <name>.debug_frame</name>
         <load_address>0x3c</load_address>
         <run_address>0x3c</run_address>
         <size>0x3c</size>
         <input_file_ref idref="fl-2"/>
      </object_component>
      <object_component id="oc-196">
         <name>.debug_frame</name>
         <load_address>0x78</load_address>
         <run_address>0x78</run_address>
         <size>0x40</size>
         <input_file_ref idref="fl-2"/>
      </object_component>
      <object_component id="oc-1a7">
         <name>.debug_frame</name>
         <load_address>0xb8</load_address>
         <run_address>0xb8</run_address>
         <size>0x64</size>
         <input_file_ref idref="fl-2"/>
      </object_component>
      <object_component id="oc-1ae">
         <name>.debug_frame</name>
         <load_address>0x11c</load_address>
         <run_address>0x11c</run_address>
         <size>0x64</size>
         <input_file_ref idref="fl-2"/>
      </object_component>
      <object_component id="oc-157">
         <name>.debug_frame</name>
         <load_address>0x180</load_address>
         <run_address>0x180</run_address>
         <size>0x40</size>
         <input_file_ref idref="fl-2"/>
      </object_component>
      <object_component id="oc-e2">
         <name>.debug_frame</name>
         <load_address>0x1c0</load_address>
         <run_address>0x1c0</run_address>
         <size>0x44</size>
         <input_file_ref idref="fl-3"/>
      </object_component>
      <object_component id="oc-1b4">
         <name>.debug_frame</name>
         <load_address>0x204</load_address>
         <run_address>0x204</run_address>
         <size>0x3c</size>
         <input_file_ref idref="fl-3"/>
      </object_component>
      <object_component id="oc-1bb">
         <name>.debug_frame</name>
         <load_address>0x240</load_address>
         <run_address>0x240</run_address>
         <size>0x44</size>
         <input_file_ref idref="fl-3"/>
      </object_component>
      <object_component id="oc-18a">
         <name>.debug_frame</name>
         <load_address>0x284</load_address>
         <run_address>0x284</run_address>
         <size>0x44</size>
         <input_file_ref idref="fl-3"/>
      </object_component>
      <object_component id="oc-fe">
         <name>.debug_frame</name>
         <load_address>0x2c8</load_address>
         <run_address>0x2c8</run_address>
         <size>0x34</size>
         <input_file_ref idref="fl-30"/>
      </object_component>
      <object_component id="oc-1cf">
         <name>.debug_frame</name>
         <load_address>0x2fc</load_address>
         <run_address>0x2fc</run_address>
         <size>0x44</size>
         <input_file_ref idref="fl-31"/>
      </object_component>
      <object_component id="oc-ec">
         <name>.debug_frame</name>
         <load_address>0x340</load_address>
         <run_address>0x340</run_address>
         <size>0x3c</size>
         <input_file_ref idref="fl-32"/>
      </object_component>
      <object_component id="oc-152">
         <name>.debug_frame</name>
         <load_address>0x37c</load_address>
         <run_address>0x37c</run_address>
         <size>0x3c</size>
         <input_file_ref idref="fl-35"/>
      </object_component>
      <object_component id="oc-252">
         <name>.debug_frame</name>
         <load_address>0x3b8</load_address>
         <run_address>0x3b8</run_address>
         <size>0x3c</size>
         <input_file_ref idref="fl-36"/>
      </object_component>
      <object_component id="oc-3f">
         <name>.debug_frame</name>
         <load_address>0x3f4</load_address>
         <run_address>0x3f4</run_address>
         <size>0x3c</size>
         <input_file_ref idref="fl-37"/>
      </object_component>
      <object_component id="oc-39">
         <name>.debug_frame</name>
         <load_address>0x430</load_address>
         <run_address>0x430</run_address>
         <size>0x48</size>
         <input_file_ref idref="fl-38"/>
      </object_component>
      <object_component id="oc-230">
         <name>.debug_frame</name>
         <load_address>0x478</load_address>
         <run_address>0x478</run_address>
         <size>0x4c</size>
         <input_file_ref idref="fl-39"/>
      </object_component>
      <object_component id="oc-22b">
         <name>.debug_frame</name>
         <load_address>0x4c4</load_address>
         <run_address>0x4c4</run_address>
         <size>0x68</size>
         <input_file_ref idref="fl-3a"/>
      </object_component>
      <object_component id="oc-21f">
         <name>.debug_frame</name>
         <load_address>0x52c</load_address>
         <run_address>0x52c</run_address>
         <size>0x3c</size>
         <input_file_ref idref="fl-3b"/>
      </object_component>
      <object_component id="oc-219">
         <name>.debug_frame</name>
         <load_address>0x568</load_address>
         <run_address>0x568</run_address>
         <size>0x44</size>
         <input_file_ref idref="fl-3c"/>
      </object_component>
      <object_component id="oc-29e">
         <name>.debug_frame</name>
         <load_address>0x5ac</load_address>
         <run_address>0x5ac</run_address>
         <size>0x78</size>
         <input_file_ref idref="fl-3d"/>
      </object_component>
      <object_component id="oc-224">
         <name>.debug_frame</name>
         <load_address>0x624</load_address>
         <run_address>0x624</run_address>
         <size>0x7c</size>
         <input_file_ref idref="fl-3e"/>
      </object_component>
      <object_component id="oc-1c3">
         <name>.debug_frame</name>
         <load_address>0x6a0</load_address>
         <run_address>0x6a0</run_address>
         <size>0x3c</size>
         <input_file_ref idref="fl-3f"/>
      </object_component>
      <object_component id="oc-19c">
         <name>.debug_frame</name>
         <load_address>0x6dc</load_address>
         <run_address>0x6dc</run_address>
         <size>0x44</size>
         <input_file_ref idref="fl-42"/>
      </object_component>
      <object_component id="oc-d4">
         <name>.debug_frame</name>
         <load_address>0x720</load_address>
         <run_address>0x720</run_address>
         <size>0x3c</size>
         <input_file_ref idref="fl-44"/>
      </object_component>
      <object_component id="oc-291">
         <name>.debug_frame</name>
         <load_address>0x75c</load_address>
         <run_address>0x75c</run_address>
         <size>0x78</size>
         <input_file_ref idref="fl-4e"/>
      </object_component>
      <object_component id="oc-206">
         <name>.debug_abbrev</name>
         <load_address>0x0</load_address>
         <run_address>0x0</run_address>
         <size>0xf2</size>
         <input_file_ref idref="fl-2"/>
      </object_component>
      <object_component id="oc-212">
         <name>.debug_abbrev</name>
         <load_address>0xf2</load_address>
         <run_address>0xf2</run_address>
         <size>0x29</size>
         <input_file_ref idref="fl-2"/>
      </object_component>
      <object_component id="oc-1fd">
         <name>.debug_abbrev</name>
         <load_address>0x11b</load_address>
         <run_address>0x11b</run_address>
         <size>0x50</size>
         <input_file_ref idref="fl-2"/>
      </object_component>
      <object_component id="oc-204">
         <name>.debug_abbrev</name>
         <load_address>0x16b</load_address>
         <run_address>0x16b</run_address>
         <size>0x50</size>
         <input_file_ref idref="fl-2"/>
      </object_component>
      <object_component id="oc-205">
         <name>.debug_abbrev</name>
         <load_address>0x1bb</load_address>
         <run_address>0x1bb</run_address>
         <size>0x50</size>
         <input_file_ref idref="fl-2"/>
      </object_component>
      <object_component id="oc-237">
         <name>.debug_abbrev</name>
         <load_address>0x20b</load_address>
         <run_address>0x20b</run_address>
         <size>0x7a</size>
         <input_file_ref idref="fl-2"/>
      </object_component>
      <object_component id="oc-238">
         <name>.debug_abbrev</name>
         <load_address>0x285</load_address>
         <run_address>0x285</run_address>
         <size>0x7a</size>
         <input_file_ref idref="fl-2"/>
      </object_component>
      <object_component id="oc-1bd">
         <name>.debug_abbrev</name>
         <load_address>0x2ff</load_address>
         <run_address>0x2ff</run_address>
         <size>0x54</size>
         <input_file_ref idref="fl-2"/>
      </object_component>
      <object_component id="oc-cc">
         <name>.debug_abbrev</name>
         <load_address>0x353</load_address>
         <run_address>0x353</run_address>
         <size>0x1f</size>
         <input_file_ref idref="fl-2"/>
      </object_component>
      <object_component id="oc-178">
         <name>.debug_abbrev</name>
         <load_address>0x372</load_address>
         <run_address>0x372</run_address>
         <size>0xb3</size>
         <input_file_ref idref="fl-3"/>
      </object_component>
      <object_component id="oc-17a">
         <name>.debug_abbrev</name>
         <load_address>0x425</load_address>
         <run_address>0x425</run_address>
         <size>0x29</size>
         <input_file_ref idref="fl-3"/>
      </object_component>
      <object_component id="oc-144">
         <name>.debug_abbrev</name>
         <load_address>0x44e</load_address>
         <run_address>0x44e</run_address>
         <size>0x53</size>
         <input_file_ref idref="fl-3"/>
      </object_component>
      <object_component id="oc-239">
         <name>.debug_abbrev</name>
         <load_address>0x4a1</load_address>
         <run_address>0x4a1</run_address>
         <size>0x52</size>
         <input_file_ref idref="fl-3"/>
      </object_component>
      <object_component id="oc-23a">
         <name>.debug_abbrev</name>
         <load_address>0x4f3</load_address>
         <run_address>0x4f3</run_address>
         <size>0x6c</size>
         <input_file_ref idref="fl-3"/>
      </object_component>
      <object_component id="oc-203">
         <name>.debug_abbrev</name>
         <load_address>0x55f</load_address>
         <run_address>0x55f</run_address>
         <size>0x7a</size>
         <input_file_ref idref="fl-3"/>
      </object_component>
      <object_component id="oc-2a2">
         <name>.debug_abbrev</name>
         <load_address>0x5d9</load_address>
         <run_address>0x5d9</run_address>
         <size>0x3c</size>
         <input_file_ref idref="fl-1e"/>
      </object_component>
      <object_component id="oc-273">
         <name>.debug_abbrev</name>
         <load_address>0x615</load_address>
         <run_address>0x615</run_address>
         <size>0x4a</size>
         <input_file_ref idref="fl-1f"/>
      </object_component>
      <object_component id="oc-2cb">
         <name>.debug_abbrev</name>
         <load_address>0x65f</load_address>
         <run_address>0x65f</run_address>
         <size>0x3c</size>
         <input_file_ref idref="fl-20"/>
      </object_component>
      <object_component id="oc-127">
         <name>.debug_abbrev</name>
         <load_address>0x69b</load_address>
         <run_address>0x69b</run_address>
         <size>0x3a</size>
         <input_file_ref idref="fl-21"/>
      </object_component>
      <object_component id="oc-13c">
         <name>.debug_abbrev</name>
         <load_address>0x6d5</load_address>
         <run_address>0x6d5</run_address>
         <size>0x28</size>
         <input_file_ref idref="fl-2e"/>
      </object_component>
      <object_component id="oc-274">
         <name>.debug_abbrev</name>
         <load_address>0x6fd</load_address>
         <run_address>0x6fd</run_address>
         <size>0x3c</size>
         <input_file_ref idref="fl-2f"/>
      </object_component>
      <object_component id="oc-123">
         <name>.debug_abbrev</name>
         <load_address>0x739</load_address>
         <run_address>0x739</run_address>
         <size>0x29</size>
[...]
      </symbol>
      <symbol id="sm-1bd">
         <name>__TI_int13</name>
         <value>0xfffa</value>
         <object_component_ref idref="oc-4b"/>
      </symbol>
      <symbol id="sm-1c0">
         <name>__TI_int14</name>
         <value>0xfffc</value>
         <object_component_ref idref="oc-4c"/>
      </symbol>
      <symbol id="sm-1c8">
         <name>__TI_ISR_TRAP</name>
         <value>0xdb6a</value>
         <object_component_ref idref="oc-dc"/>
      </symbol>
      <symbol id="sm-1d2">
         <name>__mspabi_mpyi_sw</name>
         <value>0xdb10</value>
         <object_component_ref idref="oc-208"/>
      </symbol>
      <symbol id="sm-1d3">
         <name>__mspabi_mpyi</name>
         <value>0xdb10</value>
         <object_component_ref idref="oc-208"/>
      </symbol>
      <symbol id="sm-1e3">
         <name>_stack</name>
         <value>0x3b0</value>
         <object_component_ref idref="oc-b1"/>
      </symbol>
      <symbol id="sm-1e4">
         <name>_c_int00_noargs</name>
         <value>0xdaca</value>
         <object_component_ref idref="oc-f9"/>
      </symbol>
      <symbol id="sm-1e5">
         <name>_reset_vector</name>
         <value>0xfffe</value>
         <object_component_ref idref="oc-b4"/>
      </symbol>
      <symbol id="sm-207">
         <name>__TI_auto_init_nobinit_nopinit</name>
         <value>0xd8e8</value>
         <object_component_ref idref="oc-1ca"/>
      </symbol>
      <symbol id="sm-21f">
         <name>__TI_zero_init_nomemset</name>
         <value>0xdafc</value>
         <object_component_ref idref="oc-e7"/>
      </symbol>
      <symbol id="sm-22a">
         <name>_system_pre_init</name>
         <value>0xdb84</value>
         <object_component_ref idref="oc-14d"/>
      </symbol>
      <symbol id="sm-233">
         <name>_system_post_cinit</name>
         <value>0xdb88</value>
         <object_component_ref idref="oc-24d"/>
      </symbol>
      <symbol id="sm-249">
         <name>__TI_decompress_none</name>
         <value>0xdb24</value>
         <object_component_ref idref="oc-3a"/>
      </symbol>
      <symbol id="sm-26c">
         <name>__TI_decompress_lzss</name>
         <value>0xd6ae</value>
         <object_component_ref idref="oc-34"/>
      </symbol>
      <symbol id="sm-28b">
         <name>__mspabi_cmpd</name>
         <value>0xd4c8</value>
         <object_component_ref idref="oc-22c"/>
      </symbol>
      <symbol id="sm-2ac">
         <name>__mspabi_divd</name>
         <value>0xcf48</value>
         <object_component_ref idref="oc-226"/>
      </symbol>
      <symbol id="sm-2b5">
         <name>__mspabi_fltud</name>
         <value>0xdb78</value>
         <object_component_ref idref="oc-21a"/>
      </symbol>
      <symbol id="sm-2ca">
         <name>__mspabi_fltuld</name>
         <value>0xd5a4</value>
         <object_component_ref idref="oc-214"/>
      </symbol>
      <symbol id="sm-2e5">
         <name>__TI_frcdivd</name>
         <value>0xc000</value>
         <object_component_ref idref="oc-299"/>
      </symbol>
      <symbol id="sm-307">
         <name>__mspabi_mpyd</name>
         <value>0xccda</value>
         <object_component_ref idref="oc-220"/>
      </symbol>
      <symbol id="sm-311">
         <name>C$$EXIT</name>
         <value>0xdb7e</value>
         <object_component_ref idref="oc-1be"/>
      </symbol>
      <symbol id="sm-312">
         <name>abort</name>
         <value>0xdb7e</value>
         <object_component_ref idref="oc-1be"/>
      </symbol>
      <symbol id="sm-327">
         <name>atoi</name>
         <value>0xd84a</value>
         <object_component_ref idref="oc-19a"/>
      </symbol>
      <symbol id="sm-331">
         <name>_ctypes_</name>
         <value>0xdb8a</value>
         <object_component_ref idref="oc-20d"/>
      </symbol>
      <symbol id="sm-33f">
         <name>memcpy</name>
         <value>0xdb48</value>
         <object_component_ref idref="oc-cf"/>
      </symbol>
      <symbol id="sm-347">
         <name>__mspabi_srai</name>
         <value>0xda24</value>
         <object_component_ref idref="oc-287"/>
      </symbol>
      <symbol id="sm-348">
         <name>__mspabi_srai_8</name>
         <value>0xda3e</value>
         <object_component_ref idref="oc-287"/>
      </symbol>
      <symbol id="sm-349">
         <name>__mspabi_srai_9</name>
         <value>0xda3c</value>
         <object_component_ref idref="oc-287"/>
      </symbol>
      <symbol id="sm-34a">
         <name>__mspabi_srai_6</name>
         <value>0xda42</value>
         <object_component_ref idref="oc-287"/>
      </symbol>
      <symbol id="sm-34b">
         <name>__mspabi_srai_7</name>
         <value>0xda40</value>
         <object_component_ref idref="oc-287"/>
      </symbol>
      <symbol id="sm-34c">
         <name>__mspabi_srai_4</name>
         <value>0xda46</value>
         <object_component_ref idref="oc-287"/>
      </symbol>
      <symbol id="sm-34d">
         <name>__mspabi_srai_5</name>
         <value>0xda44</value>
         <object_component_ref idref="oc-287"/>
      </symbol>
      <symbol id="sm-34e">
         <name>__mspabi_srai_2</name>
         <value>0xda4a</value>
         <object_component_ref idref="oc-287"/>
      </symbol>
      <symbol id="sm-34f">
         <name>__mspabi_srai_3</name>
         <value>0xda48</value>
         <object_component_ref idref="oc-287"/>
      </symbol>
      <symbol id="sm-350">
         <name>__mspabi_srai_1</name>
         <value>0xda4c</value>
         <object_component_ref idref="oc-287"/>
      </symbol>
      <symbol id="sm-351">
         <name>__mspabi_srai_15</name>
         <value>0xda30</value>
         <object_component_ref idref="oc-287"/>
      </symbol>
      <symbol id="sm-352">
         <name>__mspabi_srai_14</name>
         <value>0xda32</value>
         <object_component_ref idref="oc-287"/>
      </symbol>
      <symbol id="sm-353">
         <name>__mspabi_srai_13</name>
         <value>0xda34</value>
         <object_component_ref idref="oc-287"/>
      </symbol>
      <symbol id="sm-354">
         <name>__mspabi_srai_12</name>
         <value>0xda36</value>
         <object_component_ref idref="oc-287"/>
      </symbol>
      <symbol id="sm-355">
         <name>__mspabi_srai_11</name>
         <value>0xda38</value>
         <object_component_ref idref="oc-287"/>
      </symbol>
      <symbol id="sm-356">
         <name>__mspabi_srai_10</name>
         <value>0xda3a</value>
         <object_component_ref idref="oc-287"/>
      </symbol>
      <symbol id="sm-35e">
         <name>__mspabi_sral_15</name>
         <value>0xd9a8</value>
         <object_component_ref idref="oc-2d3"/>
      </symbol>
      <symbol id="sm-35f">
         <name>__mspabi_sral_14</name>
         <value>0xd9ac</value>
         <object_component_ref idref="oc-2d3"/>
      </symbol>
      <symbol id="sm-360">
         <name>__mspabi_sral_13</name>
         <value>0xd9b0</value>
         <object_component_ref idref="oc-2d3"/>
      </symbol>
      <symbol id="sm-361">
         <name>__mspabi_sral_12</name>
         <value>0xd9b4</value>
         <object_component_ref idref="oc-2d3"/>
      </symbol>
      <symbol id="sm-362">
         <name>__mspabi_sral_11</name>
         <value>0xd9b8</value>
         <object_component_ref idref="oc-2d3"/>
      </symbol>
      <symbol id="sm-363">
         <name>__mspabi_sral_10</name>
         <value>0xd9bc</value>
         <object_component_ref idref="oc-2d3"/>
      </symbol>
      <symbol id="sm-364">
         <name>__mspabi_sral_8</name>
         <value>0xd9c4</value>
         <object_component_ref idref="oc-2d3"/>
      </symbol>
      <symbol id="sm-365">
         <name>__mspabi_sral_9</name>
         <value>0xd9c0</value>
         <object_component_ref idref="oc-2d3"/>
      </symbol>
      <symbol id="sm-366">
         <name>__mspabi_sral_6</name>
         <value>0xd9cc</value>
         <object_component_ref idref="oc-2d3"/>
      </symbol>
      <symbol id="sm-367">
         <name>__mspabi_sral_7</name>
         <value>0xd9c8</value>
         <object_component_ref idref="oc-2d3"/>
      </symbol>
      <symbol id="sm-368">
         <name>__mspabi_sral_4</name>
         <value>0xd9d4</value>
         <object_component_ref idref="oc-2d3"/>
      </symbol>
      <symbol id="sm-369">
         <name>__mspabi_sral_5</name>
         <value>0xd9d0</value>
         <object_component_ref idref="oc-2d3"/>
      </symbol>
      <symbol id="sm-36a">
         <name>__mspabi_sral_2</name>
         <value>0xd9dc</value>
         <object_component_ref idref="oc-2d3"/>
      </symbol>
      <symbol id="sm-36b">
         <name>__mspabi_sral_3</name>
         <value>0xd9d8</value>
         <object_component_ref idref="oc-2d3"/>
      </symbol>
      <symbol id="sm-36c">
         <name>__mspabi_sral_1</name>
         <value>0xd9e0</value>
         <object_component_ref idref="oc-2d3"/>
      </symbol>
      <symbol id="sm-374">
         <name>__mspabi_slli</name>
         <value>0xda50</value>
         <object_component_ref idref="oc-b5"/>
      </symbol>
      <symbol id="sm-375">
         <name>__mspabi_slli_9</name>
         <value>0xda68</value>
         <object_component_ref idref="oc-b5"/>
      </symbol>
      <symbol id="sm-376">
         <name>__mspabi_slli_8</name>
         <value>0xda6a</value>
         <object_component_ref idref="oc-b5"/>
      </symbol>
      <symbol id="sm-377">
         <name>__mspabi_slli_7</name>
         <value>0xda6c</value>
         <object_component_ref idref="oc-b5"/>
      </symbol>
      <symbol id="sm-378">
         <name>__mspabi_slli_6</name>
         <value>0xda6e</value>
         <object_component_ref idref="oc-b5"/>
      </symbol>
      <symbol id="sm-379">
         <name>__mspabi_slli_5</name>
         <value>0xda70</value>
         <object_component_ref idref="oc-b5"/>
      </symbol>
      <symbol id="sm-37a">
         <name>__mspabi_slli_4</name>
         <value>0xda72</value>
         <object_component_ref idref="oc-b5"/>
      </symbol>
      <symbol id="sm-37b">
         <name>__mspabi_slli_3</name>
         <value>0xda74</value>
         <object_component_ref idref="oc-b5"/>
      </symbol>
      <symbol id="sm-37c">
         <name>__mspabi_slli_2</name>
         <value>0xda76</value>
         <object_component_ref idref="oc-b5"/>
      </symbol>
      <symbol id="sm-37d">
         <name>__mspabi_slli_1</name>
         <value>0xda78</value>
         <object_component_ref idref="oc-b5"/>
      </symbol>
      <symbol id="sm-37e">
         <name>__mspabi_slli_15</name>
         <value>0xda5c</value>
         <object_component_ref idref="oc-b5"/>
      </symbol>
      <symbol id="sm-37f">
         <name>__mspabi_slli_14</name>
         <value>0xda5e</value>
         <object_component_ref idref="oc-b5"/>
      </symbol>
      <symbol id="sm-380">
         <name>__mspabi_slli_13</name>
         <value>0xda60</value>
         <object_component_ref idref="oc-b5"/>
      </symbol>
      <symbol id="sm-381">
         <name>__mspabi_slli_12</name>
         <value>0xda62</value>
         <object_component_ref idref="oc-b5"/>
      </symbol>
      <symbol id="sm-382">
         <name>__mspabi_slli_11</name>
         <value>0xda64</value>
         <object_component_ref idref="oc-b5"/>
      </symbol>
      <symbol id="sm-383">
         <name>__mspabi_slli_10</name>
         <value>0xda66</value>
         <object_component_ref idref="oc-b5"/>
      </symbol>
      <symbol id="sm-38b">
         <name>__mspabi_slll_9</name>
         <value>0xd9fe</value>
         <object_component_ref idref="oc-27a"/>
      </symbol>
      <symbol id="sm-38c">
         <name>__mspabi_slll_8</name>
         <value>0xda02</value>
         <object_component_ref idref="oc-27a"/>
      </symbol>
      <symbol id="sm-38d">
         <name>__mspabi_slll_7</name>
         <value>0xda06</value>
         <object_component_ref idref="oc-27a"/>
      </symbol>
      <symbol id="sm-38e">
         <name>__mspabi_slll_6</name>
         <value>0xda0a</value>
         <object_component_ref idref="oc-27a"/>
      </symbol>
      <symbol id="sm-38f">
         <name>__mspabi_slll_5</name>
         <value>0xda0e</value>
         <object_component_ref idref="oc-27a"/>
      </symbol>
      <symbol id="sm-390">
         <name>__mspabi_slll_4</name>
         <value>0xda12</value>
         <object_component_ref idref="oc-27a"/>
      </symbol>
      <symbol id="sm-391">
         <name>__mspabi_slll_3</name>
         <value>0xda16</value>
         <object_component_ref idref="oc-27a"/>
      </symbol>
      <symbol id="sm-392">
         <name>__mspabi_slll_2</name>
         <value>0xda1a</value>
         <object_component_ref idref="oc-27a"/>
      </symbol>
      <symbol id="sm-393">
         <name>__mspabi_slll_1</name>
         <value>0xda1e</value>
         <object_component_ref idref="oc-27a"/>
      </symbol>
      <symbol id="sm-394">
         <name>__mspabi_slll_15</name>
         <value>0xd9e6</value>
         <object_component_ref idref="oc-27a"/>
      </symbol>
      <symbol id="sm-395">
         <name>__mspabi_slll_14</name>
         <value>0xd9ea</value>
         <object_component_ref idref="oc-27a"/>
      </symbol>
      <symbol id="sm-396">
         <name>__mspabi_slll_13</name>
         <value>0xd9ee</value>
         <object_component_ref idref="oc-27a"/>
      </symbol>
      <symbol id="sm-397">
         <name>__mspabi_slll_12</name>
         <value>0xd9f2</value>
         <object_component_ref idref="oc-27a"/>
      </symbol>
      <symbol id="sm-398">
         <name>__mspabi_slll_11</name>
         <value>0xd9f6</value>
         <object_component_ref idref="oc-27a"/>
      </symbol>
      <symbol id="sm-399">
         <name>__mspabi_slll_10</name>
         <value>0xd9fa</value>
         <object_component_ref idref="oc-27a"/>
      </symbol>
      <symbol id="sm-3a1">
         <name>__mspabi_srli_8</name>
         <value>0xd8c6</value>
         <object_component_ref idref="oc-ba"/>
      </symbol>
      <symbol id="sm-3a2">
         <name>__mspabi_srli_9</name>
         <value>0xd8c2</value>
         <object_component_ref idref="oc-ba"/>
      </symbol>
      <symbol id="sm-3a3">
         <name>__mspabi_srli_6</name>
         <value>0xd8ce</value>
         <object_component_ref idref="oc-ba"/>
      </symbol>
      <symbol id="sm-3a4">
         <name>__mspabi_srli_7</name>
         <value>0xd8ca</value>
         <object_component_ref idref="oc-ba"/>
      </symbol>
      <symbol id="sm-3a5">
         <name>__mspabi_srli_4</name>
         <value>0xd8d6</value>
         <object_component_ref idref="oc-ba"/>
      </symbol>
      <symbol id="sm-3a6">
         <name>__mspabi_srli_5</name>
         <value>0xd8d2</value>
         <object_component_ref idref="oc-ba"/>
      </symbol>
      <symbol id="sm-3a7">
         <name>__mspabi_srli_2</name>
         <value>0xd8de</value>
         <object_component_ref idref="oc-ba"/>
      </symbol>
      <symbol id="sm-3a8">
         <name>__mspabi_srli_3</name>
         <value>0xd8da</value>
         <object_component_ref idref="oc-ba"/>
      </symbol>
      <symbol id="sm-3a9">
         <name>__mspabi_srli_1</name>
         <value>0xd8e2</value>
         <object_component_ref idref="oc-ba"/>
      </symbol>
      <symbol id="sm-3aa">
         <name>__mspabi_srli</name>
         <value>0xd89c</value>
         <object_component_ref idref="oc-ba"/>
      </symbol>
      <symbol id="sm-3ab">
         <name>__mspabi_srli_15</name>
         <value>0xd8aa</value>
         <object_component_ref idref="oc-ba"/>
      </symbol>
      <symbol id="sm-3ac">
         <name>__mspabi_srli_14</name>
         <value>0xd8ae</value>
         <object_component_ref idref="oc-ba"/>
      </symbol>
      <symbol id="sm-3ad">
         <name>__mspabi_srli_13</name>
         <value>0xd8b2</value>
         <object_component_ref idref="oc-ba"/>
      </symbol>
      <symbol id="sm-3ae">
         <name>__mspabi_srli_12</name>
         <value>0xd8b6</value>
         <object_component_ref idref="oc-ba"/>
      </symbol>
      <symbol id="sm-3af">
         <name>__mspabi_srli_11</name>
         <value>0xd8ba</value>
         <object_component_ref idref="oc-ba"/>
      </symbol>
      <symbol id="sm-3b0">
         <name>__mspabi_srli_10</name>
         <value>0xd8be</value>
         <object_component_ref idref="oc-ba"/>
      </symbol>
      <symbol id="sm-3b8">
         <name>__mspabi_srll_8</name>
         <value>0xd7c0</value>
         <object_component_ref idref="oc-27f"/>
      </symbol>
      <symbol id="sm-3b9">
         <name>__mspabi_srll_9</name>
         <value>0xd7ba</value>
         <object_component_ref idref="oc-27f"/>
      </symbol>
      <symbol id="sm-3ba">
         <name>__mspabi_srll_6</name>
         <value>0xd7cc</value>
         <object_component_ref idref="oc-27f"/>
      </symbol>
      <symbol id="sm-3bb">
         <name>__mspabi_srll_7</name>
         <value>0xd7c6</value>
         <object_component_ref idref="oc-27f"/>
      </symbol>
      <symbol id="sm-3bc">
         <name>__mspabi_srll_4</name>
         <value>0xd7d8</value>
         <object_component_ref idref="oc-27f"/>
      </symbol>
      <symbol id="sm-3bd">
         <name>__mspabi_srll_5</name>
         <value>0xd7d2</value>
         <object_component_ref idref="oc-27f"/>
      </symbol>
      <symbol id="sm-3be">
         <name>__mspabi_srll_2</name>
         <value>0xd7e4</value>
         <object_component_ref idref="oc-27f"/>
      </symbol>
      <symbol id="sm-3bf">
         <name>__mspabi_srll_3</name>
         <value>0xd7de</value>
         <object_component_ref idref="oc-27f"/>
      </symbol>
      <symbol id="sm-3c0">
         <name>__mspabi_srll_1</name>
         <value>0xd7ea</value>
         <object_component_ref idref="oc-27f"/>
      </symbol>
      <symbol id="sm-3c1">
         <name>__mspabi_srll_15</name>
         <value>0xd796</value>
         <object_component_ref idref="oc-27f"/>
      </symbol>
      <symbol id="sm-3c2">
         <name>__mspabi_srll_14</name>
         <value>0xd79c</value>
         <object_component_ref idref="oc-27f"/>
      </symbol>
      <symbol id="sm-3c3">
         <name>__mspabi_srll_13</name>
         <value>0xd7a2</value>
         <object_component_ref idref="oc-27f"/>
      </symbol>
      <symbol id="sm-3c4">
         <name>__mspabi_srll_12</name>
         <value>0xd7a8</value>
         <object_component_ref idref="oc-27f"/>
      </symbol>
      <symbol id="sm-3c5">
         <name>__mspabi_srll_11</name>
         <value>0xd7ae</value>
         <object_component_ref idref="oc-27f"/>
      </symbol>
      <symbol id="sm-3c6">
         <name>__mspabi_srll_10</name>
         <value>0xd7b4</value>
         <object_component_ref idref="oc-27f"/>
      </symbol>
      <symbol id="sm-3d0">
         <name>__mspabi_mpyl_sw</name>
         <value>0xdaa4</value>
         <object_component_ref idref="oc-2d8"/>
      </symbol>
      <symbol id="sm-3d1">
         <name>__mspabi_mpyl</name>
         <value>0xdaa4</value>
         <object_component_ref idref="oc-2d8"/>
      </symbol>
      <symbol id="sm-3e3">
         <name>__TI_frcmpyd</name>
         <value>0xca54</value>
         <object_component_ref idref="oc-28c"/>
      </symbol>
   </symbol_table>
   <title>Link successful</title>
</link_info>
